Component: ARM Compiler 5.06 update 5 (build 528) Tool: armlink [4d35e2]

==============================================================================

Section Cross References

    startup_stm32f10x_md.o(STACK) refers (Special) to heapauxi.o(.text) for __use_two_region_memory
    startup_stm32f10x_md.o(HEAP) refers (Special) to heapauxi.o(.text) for __use_two_region_memory
    startup_stm32f10x_md.o(RESET) refers (Special) to heapauxi.o(.text) for __use_two_region_memory
    startup_stm32f10x_md.o(RESET) refers to startup_stm32f10x_md.o(STACK) for __initial_sp
    startup_stm32f10x_md.o(RESET) refers to startup_stm32f10x_md.o(.text) for Reset_Handler
    startup_stm32f10x_md.o(RESET) refers to stm32f10x_it.o(i.NMI_Handler) for NMI_Handler
    startup_stm32f10x_md.o(RESET) refers to stm32f10x_it.o(i.HardFault_Handler) for HardFault_Handler
    startup_stm32f10x_md.o(RESET) refers to stm32f10x_it.o(i.MemManage_Handler) for MemManage_Handler
    startup_stm32f10x_md.o(RESET) refers to stm32f10x_it.o(i.BusFault_Handler) for BusFault_Handler
    startup_stm32f10x_md.o(RESET) refers to stm32f10x_it.o(i.UsageFault_Handler) for UsageFault_Handler
    startup_stm32f10x_md.o(RESET) refers to port.o(.emb_text) for SVC_Handler
    startup_stm32f10x_md.o(RESET) refers to stm32f10x_it.o(i.DebugMon_Handler) for DebugMon_Handler
    startup_stm32f10x_md.o(RESET) refers to port.o(i.SysTick_Handler) for SysTick_Handler
    startup_stm32f10x_md.o(RESET) refers to main.o(i.EXTI9_5_IRQHandler) for EXTI9_5_IRQHandler
    startup_stm32f10x_md.o(RESET) refers to serial.o(i.USART1_IRQHandler) for USART1_IRQHandler
    startup_stm32f10x_md.o(.text) refers (Special) to heapauxi.o(.text) for __use_two_region_memory
    startup_stm32f10x_md.o(.text) refers to system_stm32f10x.o(i.SystemInit) for SystemInit
    startup_stm32f10x_md.o(.text) refers to __main.o(!!!main) for __main
    startup_stm32f10x_md.o(.text) refers to startup_stm32f10x_md.o(HEAP) for Heap_Mem
    startup_stm32f10x_md.o(.text) refers to startup_stm32f10x_md.o(STACK) for Stack_Mem
    system_stm32f10x.o(i.SetSysClock) refers to system_stm32f10x.o(i.SetSysClockTo72) for SetSysClockTo72
    system_stm32f10x.o(i.SystemCoreClockUpdate) refers to system_stm32f10x.o(.data) for SystemCoreClock
    system_stm32f10x.o(i.SystemInit) refers to system_stm32f10x.o(i.SetSysClock) for SetSysClock
    stm32f10x_adc.o(i.ADC_DeInit) refers to stm32f10x_rcc.o(i.RCC_APB2PeriphResetCmd) for RCC_APB2PeriphResetCmd
    stm32f10x_bkp.o(i.BKP_DeInit) refers to stm32f10x_rcc.o(i.RCC_BackupResetCmd) for RCC_BackupResetCmd
    stm32f10x_can.o(i.CAN_DeInit) refers to stm32f10x_rcc.o(i.RCC_APB1PeriphResetCmd) for RCC_APB1PeriphResetCmd
    stm32f10x_can.o(i.CAN_GetITStatus) refers to stm32f10x_can.o(i.CheckITStatus) for CheckITStatus
    stm32f10x_cec.o(i.CEC_DeInit) refers to stm32f10x_rcc.o(i.RCC_APB1PeriphResetCmd) for RCC_APB1PeriphResetCmd
    stm32f10x_dac.o(i.DAC_DeInit) refers to stm32f10x_rcc.o(i.RCC_APB1PeriphResetCmd) for RCC_APB1PeriphResetCmd
    stm32f10x_flash.o(i.FLASH_EnableWriteProtection) refers to stm32f10x_flash.o(i.FLASH_WaitForLastOperation) for FLASH_WaitForLastOperation
    stm32f10x_flash.o(i.FLASH_EraseAllBank1Pages) refers to stm32f10x_flash.o(i.FLASH_WaitForLastBank1Operation) for FLASH_WaitForLastBank1Operation
    stm32f10x_flash.o(i.FLASH_EraseAllPages) refers to stm32f10x_flash.o(i.FLASH_WaitForLastOperation) for FLASH_WaitForLastOperation
    stm32f10x_flash.o(i.FLASH_EraseOptionBytes) refers to stm32f10x_flash.o(i.FLASH_GetReadOutProtectionStatus) for FLASH_GetReadOutProtectionStatus
    stm32f10x_flash.o(i.FLASH_EraseOptionBytes) refers to stm32f10x_flash.o(i.FLASH_WaitForLastOperation) for FLASH_WaitForLastOperation
    stm32f10x_flash.o(i.FLASH_ErasePage) refers to stm32f10x_flash.o(i.FLASH_WaitForLastOperation) for FLASH_WaitForLastOperation
    stm32f10x_flash.o(i.FLASH_ProgramHalfWord) refers to stm32f10x_flash.o(i.FLASH_WaitForLastOperation) for FLASH_WaitForLastOperation
    stm32f10x_flash.o(i.FLASH_ProgramOptionByteData) refers to stm32f10x_flash.o(i.FLASH_WaitForLastOperation) for FLASH_WaitForLastOperation
    stm32f10x_flash.o(i.FLASH_ProgramWord) refers to stm32f10x_flash.o(i.FLASH_WaitForLastOperation) for FLASH_WaitForLastOperation
    stm32f10x_flash.o(i.FLASH_ReadOutProtection) refers to stm32f10x_flash.o(i.FLASH_WaitForLastOperation) for FLASH_WaitForLastOperation
    stm32f10x_flash.o(i.FLASH_UserOptionByteConfig) refers to stm32f10x_flash.o(i.FLASH_WaitForLastOperation) for FLASH_WaitForLastOperation
    stm32f10x_flash.o(i.FLASH_WaitForLastBank1Operation) refers to stm32f10x_flash.o(i.FLASH_GetBank1Status) for FLASH_GetBank1Status
    stm32f10x_flash.o(i.FLASH_WaitForLastOperation) refers to stm32f10x_flash.o(i.FLASH_GetBank1Status) for FLASH_GetBank1Status
    stm32f10x_gpio.o(i.GPIO_AFIODeInit) refers to stm32f10x_rcc.o(i.RCC_APB2PeriphResetCmd) for RCC_APB2PeriphResetCmd
[...]
    USART2_IRQHandler                        0x080002ef   Thumb Code     0  startup_stm32f10x_md.o(.text)
    USART3_IRQHandler                        0x080002ef   Thumb Code     0  startup_stm32f10x_md.o(.text)
    USBWakeUp_IRQHandler                     0x080002ef   Thumb Code     0  startup_stm32f10x_md.o(.text)
    USB_HP_CAN1_TX_IRQHandler                0x080002ef   Thumb Code     0  startup_stm32f10x_md.o(.text)
    USB_LP_CAN1_RX0_IRQHandler               0x080002ef   Thumb Code     0  startup_stm32f10x_md.o(.text)
    WWDG_IRQHandler                          0x080002ef   Thumb Code     0  startup_stm32f10x_md.o(.text)
    __user_initial_stackheap                 0x080002f1   Thumb Code     0  startup_stm32f10x_md.o(.text)
    malloc                                   0x08000315   Thumb Code    94  h1_alloc.o(.text)
    free                                     0x08000373   Thumb Code    78  h1_free.o(.text)
    vsprintf                                 0x080003c1   Thumb Code    32  vsprintf.o(.text)
    __aeabi_memcpy                           0x080003e5   Thumb Code     0  rt_memcpy_v6.o(.text)
    __rt_memcpy                              0x080003e5   Thumb Code   138  rt_memcpy_v6.o(.text)
    _memcpy_lastbytes                        0x0800044b   Thumb Code     0  rt_memcpy_v6.o(.text)
    __aeabi_memset                           0x0800046f   Thumb Code    16  aeabi_memset.o(.text)
    __aeabi_memclr                           0x0800047f   Thumb Code     0  rt_memclr.o(.text)
    __rt_memclr                              0x0800047f   Thumb Code    68  rt_memclr.o(.text)
    _memset                                  0x08000483   Thumb Code     0  rt_memclr.o(.text)
    __aeabi_memclr4                          0x080004c3   Thumb Code     0  rt_memclr_w.o(.text)
    __aeabi_memclr8                          0x080004c3   Thumb Code     0  rt_memclr_w.o(.text)
    __rt_memclr_w                            0x080004c3   Thumb Code    78  rt_memclr_w.o(.text)
    _memset_w                                0x080004c7   Thumb Code     0  rt_memclr_w.o(.text)
    strcmp                                   0x08000511   Thumb Code   128  strcmpv7m.o(.text)
    __use_two_region_memory                  0x08000591   Thumb Code     2  heapauxi.o(.text)
    __rt_heap_escrow                         0x08000593   Thumb Code     2  heapauxi.o(.text)
    __rt_heap_expand                         0x08000595   Thumb Code     2  heapauxi.o(.text)
    __rt_heap_descriptor                     0x08000599   Thumb Code     8  rt_heap_descriptor_intlibspace.o(.text)
    __use_no_heap                            0x080005a1   Thumb Code     2  hguard.o(.text)
    __heap$guard                             0x080005a3   Thumb Code     2  hguard.o(.text)
    _terminate_user_alloc                    0x080005a5   Thumb Code     2  init_alloc.o(.text)
    _init_user_alloc                         0x080005a7   Thumb Code     2  init_alloc.o(.text)
    __Heap_Full                              0x080005a9   Thumb Code    34  init_alloc.o(.text)
    __Heap_Broken                            0x080005cb   Thumb Code     6  init_alloc.o(.text)
    _init_alloc                              0x080005d1   Thumb Code    94  init_alloc.o(.text)
    __Heap_Initialize                        0x0800062f   Thumb Code    10  h1_init.o(.text)
    __Heap_DescSize                          0x08000639   Thumb Code     4  h1_init.o(.text)
    _printf_pre_padding                      0x0800063d   Thumb Code    44  _printf_pad.o(.text)
    _printf_post_padding                     0x08000669   Thumb Code    34  _printf_pad.o(.text)
    _printf_truncate_signed                  0x0800068b   Thumb Code    18  _printf_truncate.o(.text)
    _printf_truncate_unsigned                0x0800069d   Thumb Code    18  _printf_truncate.o(.text)
    _printf_str                              0x080006af   Thumb Code    82  _printf_str.o(.text)
    _printf_int_dec                          0x08000701   Thumb Code   104  _printf_dec.o(.text)
    _printf_charcount                        0x08000779   Thumb Code    40  _printf_charcount.o(.text)
    _printf_char_common                      0x080007ab   Thumb Code    32  _printf_char_common.o(.text)
    _sputc                                   0x080007d1   Thumb Code    10  _sputc.o(.text)
    _printf_wctomb                           0x080007dd   Thumb Code   182  _printf_wctomb.o(.text)
    _printf_longlong_dec                     0x08000899   Thumb Code   108  _printf_longlong_dec.o(.text)
    _printf_longlong_oct                     0x08000915   Thumb Code    66  _printf_oct_int_ll.o(.text)
    _printf_int_oct                          0x08000957   Thumb Code    24  _printf_oct_int_ll.o(.text)
    _printf_ll_oct                           0x0800096f   Thumb Code    12  _printf_oct_int_ll.o(.text)
    _printf_longlong_hex                     0x08000985   Thumb Code    86  _printf_hex_int_ll_ptr.o(.text)
    _printf_int_hex                          0x080009db   Thumb Code    28  _printf_hex_int_ll_ptr.o(.text)
    _printf_ll_hex                           0x080009f7   Thumb Code    12  _printf_hex_int_ll_ptr.o(.text)
    _printf_hex_ptr                          0x08000a03   Thumb Code    18  _printf_hex_int_ll_ptr.o(.text)
    __printf                                 0x08000a19   Thumb Code   388  __printf_flags_ss_wp.o(.text)
    __aeabi_memcpy4                          0x08000ba1   Thumb Code     0  rt_memcpy_w.o(.text)
    __aeabi_memcpy8                          0x08000ba1   Thumb Code     0  rt_memcpy_w.o(.text)
    __rt_memcpy_w                            0x08000ba1   Thumb Code   100  rt_memcpy_w.o(.text)
    _memcpy_lastbytes_aligned                0x08000be9   Thumb Code     0  rt_memcpy_w.o(.text)
    __user_libspace                          0x08000c05   Thumb Code     8  libspace.o(.text)
    __user_perproc_libspace                  0x08000c05   Thumb Code     0  libspace.o(.text)
    __user_perthread_libspace                0x08000c05   Thumb Code     0  libspace.o(.text)
    __Heap_ProvideMemory                     0x08000c0d   Thumb Code    52  h1_extend.o(.text)
    _ll_udiv10                               0x08000c41   Thumb Code   138  lludiv10.o(.text)
    _printf_int_common                       0x08000ccb   Thumb Code   178  _printf_intcommon.o(.text)
    __lib_sel_fp_printf                      0x08000d7d   Thumb Code     2  _printf_fp_dec.o(.text)
    _printf_fp_dec_real                      0x08000f2f   Thumb Code   620  _printf_fp_dec.o(.text)
    _printf_fp_hex_real                      0x0800119d   Thumb Code   756  _printf_fp_hex.o(.text)
    _printf_cs_common                        0x08001499   Thumb Code    20  _printf_char.o(.text)
    _printf_char                             0x080014ad   Thumb Code    16  _printf_char.o(.text)
    _printf_string                           0x080014bd   Thumb Code     8  _printf_char.o(.text)
    _printf_lcs_common                       0x080014c5   Thumb Code    20  _printf_wchar.o(.text)
    _printf_wchar                            0x080014d9   Thumb Code    16  _printf_wchar.o(.text)
    _printf_wstring                          0x080014e9   Thumb Code     8  _printf_wchar.o(.text)
    _wcrtomb                                 0x080014f1   Thumb Code    64  _wcrtomb.o(.text)
    __rt_SIGRTMEM                            0x08001531   Thumb Code    14  defsig_rtmem_outer.o(.text)
    __I$use$semihosting                      0x0800153f   Thumb Code     0  use_no_semi.o(.text)
    __use_no_semihosting_swi                 0x0800153f   Thumb Code     2  use_no_semi.o(.text)
    __semihosting_library_function           0x08001541   Thumb Code     0  indicate_semi.o(.text)
    __user_setup_stackheap                   0x08001541   Thumb Code    74  sys_stackheap_outer.o(.text)
    __rt_ctype_table                         0x0800158d   Thumb Code    16  rt_ctype_table.o(.text)
    __rt_locale                              0x0800159d   Thumb Code     8  rt_locale_intlibspace.o(.text)
    _printf_fp_infnan                        0x080015a5   Thumb Code   112  _printf_fp_infnan.o(.text)
    _btod_etento                             0x08001625   Thumb Code   224  bigflt0.o(.text)
    exit                                     0x08001709   Thumb Code    18  exit.o(.text)
    __sig_exit                               0x0800171b   Thumb Code    10  defsig_exit.o(.text)
    __rt_SIGRTMEM_inner                      0x08001725   Thumb Code    22  defsig_rtmem_inner.o(.text)
    _sys_exit                                0x08001775   Thumb Code     8  sys_exit.o(.text)
    __default_signal_display                 0x08001781   Thumb Code    50  defsig_general.o(.text)
    _ttywrch                                 0x080017b3   Thumb Code    14  sys_wrch.o(.text)
    _btod_d2e                                0x080017c1   Thumb Code    62  btod.o(CL$$btod_d2e)
    _d2e_denorm_low                          0x080017ff   Thumb Code    70  btod.o(CL$$btod_d2e_denorm_low)
    _d2e_norm_op1                            0x08001845   Thumb Code    96  btod.o(CL$$btod_d2e_norm_op1)
    __btod_div_common                        0x080018a5   Thumb Code   696  btod.o(CL$$btod_div_common)
    _e2e                                     0x08001bdd   Thumb Code   220  btod.o(CL$$btod_e2e)
    _btod_ediv                               0x08001cb9   Thumb Code    42  btod.o(CL$$btod_ediv)
    _btod_emul                               0x08001ce3   Thumb Code    42  btod.o(CL$$btod_emul)
    __btod_mult_common                       0x08001d0d   Thumb Code   580  btod.o(CL$$btod_mult_common)
    ADC_Cmd                                  0x08001f51   Thumb Code    22  stm32f10x_adc.o(i.ADC_Cmd)
    ADC_GetCalibrationStatus                 0x08001f67   Thumb Code    20  stm32f10x_adc.o(i.ADC_GetCalibrationStatus)
    ADC_GetConversionValue                   0x08001f7b   Thumb Code     8  stm32f10x_adc.o(i.ADC_GetConversionValue)
    ADC_GetFlagStatus                        0x08001f83   Thumb Code    18  stm32f10x_adc.o(i.ADC_GetFlagStatus)
    ADC_GetResetCalibrationStatus            0x08001f95   Thumb Code    20  stm32f10x_adc.o(i.ADC_GetResetCalibrationStatus)
    ADC_Init                                 0x08001fa9   Thumb Code    70  stm32f10x_adc.o(i.ADC_Init)
    ADC_RegularChannelConfig                 0x08001ff9   Thumb Code   184  stm32f10x_adc.o(i.ADC_RegularChannelConfig)
    ADC_ResetCalibration                     0x080020b1   Thumb Code    10  stm32f10x_adc.o(i.ADC_ResetCalibration)
    ADC_SoftwareStartConvCmd                 0x080020bb   Thumb Code    22  stm32f10x_adc.o(i.ADC_SoftwareStartConvCmd)
    ADC_StartCalibration                     0x080020d1   Thumb Code    10  stm32f10x_adc.o(i.ADC_StartCalibration)
    ADXL345_Average                          0x080020db   Thumb Code   140  adxl345.o(i.ADXL345_Average)
    ADXL345_GetData                          0x08002167   Thumb Code    68  adxl345.o(i.ADXL345_GetData)
    ADXL345_Init                             0x080021ad   Thumb Code   164  adxl345.o(i.ADXL345_Init)
    ADXL345_ReadRegS                         0x08002259   Thumb Code   162  adxl345.o(i.ADXL345_ReadRegS)
    ADXL345_WaitEvent                        0x08002309   Thumb Code    34  adxl345.o(i.ADXL345_WaitEvent)
    ADXL345_WriteReg                         0x0800232d   Thumb Code    86  adxl345.o(i.ADXL345_WriteReg)
    ADXL_Task                                0x08002391   Thumb Code   184  main.o(i.ADXL_Task)
    AD_GetValue                              0x080024a1   Thumb Code    32  ad.o(i.AD_GetValue)
    AD_Init                                  0x080024c5   Thumb Code   150  ad.o(i.AD_Init)
    Alarm_Init                               0x08002565   Thumb Code    90  ds3231.o(i.Alarm_Init)
    Bcd_Dec                                  0x080025c5   Thumb Code    20  ds3231.o(i.Bcd_Dec)
    BusFault_Handler                         0x080025d9   Thumb Code     4  stm32f10x_it.o(i.BusFault_Handler)
    Buzzer_Init                              0x080025dd   Thumb Code    44  ds3231.o(i.Buzzer_Init)
    Buzzer_Task                              0x0800260d   Thumb Code   152  ds3231.o(i.Buzzer_Task)
    DS3231_Init                              0x080026a9   Thumb Code    50  ds3231.o(i.DS3231_Init)
    DS3231_ReadReg                           0x080026db   Thumb Code    62  ds3231.o(i.DS3231_ReadReg)
    DS3231_ReadRegS                          0x08002719   Thumb Code   100  ds3231.o(i.DS3231_ReadRegS)
    DS3231_Read_Alarm                        0x0800277d   Thumb Code    50  ds3231.o(i.DS3231_Read_Alarm)
    DS3231_Read_Time                         0x080027af   Thumb Code    94  ds3231.o(i.DS3231_Read_Time)
    DS3231_WriteReg                          0x0800280d   Thumb Code    46  ds3231.o(i.DS3231_WriteReg)
    DS3231_WriteRegS                         0x0800283b   Thumb Code    64  ds3231.o(i.DS3231_WriteRegS)
    DS3231_Write_Alarm                       0x0800287b   Thumb Code    96  ds3231.o(i.DS3231_Write_Alarm)
    DS3231_Write_Time                        0x080028db   Thumb Code   102  ds3231.o(i.DS3231_Write_Time)
    DebugMon_Handler                         0x08002941   Thumb Code     2  stm32f10x_it.o(i.DebugMon_Handler)
    Dec_Bcd                                  0x08002943   Thumb Code    26  ds3231.o(i.Dec_Bcd)
    Detect_Step                              0x0800295d   Thumb Code   218  adxl345.o(i.Detect_Step)
    EXTI9_5_IRQHandler                       0x08002a3d   Thumb Code   162  main.o(i.EXTI9_5_IRQHandler)
    EXTI_ClearITPendingBit                   0x08002af5   Thumb Code     6  stm32f10x_exti.o(i.EXTI_ClearITPendingBit)
    EXTI_GetITStatus                         0x08002b01   Thumb Code    34  stm32f10x_exti.o(i.EXTI_GetITStatus)
    EXTI_Init                                0x08002b29   Thumb Code   142  stm32f10x_exti.o(i.EXTI_Init)
    Encoder_Init                             0x08002bbd   Thumb Code   120  key.o(i.Encoder_Init)
    GPIO_EXTILineConfig                      0x08002c39   Thumb Code    60  stm32f10x_gpio.o(i.GPIO_EXTILineConfig)
    GPIO_Init                                0x08002c79   Thumb Code   278  stm32f10x_gpio.o(i.GPIO_Init)
    GPIO_ReadInputDataBit                    0x08002d8f   Thumb Code    18  stm32f10x_gpio.o(i.GPIO_ReadInputDataBit)
    GPIO_ResetBits                           0x08002da1   Thumb Code     4  stm32f10x_gpio.o(i.GPIO_ResetBits)
    GPIO_SetBits                             0x08002da5   Thumb Code     4  stm32f10x_gpio.o(i.GPIO_SetBits)
    GPIO_WriteBit                            0x08002da9   Thumb Code    10  stm32f10x_gpio.o(i.GPIO_WriteBit)
    HardFault_Handler                        0x08002db3   Thumb Code     4  stm32f10x_it.o(i.HardFault_Handler)
    I2C_AcknowledgeConfig                    0x08002db7   Thumb Code    24  stm32f10x_i2c.o(i.I2C_AcknowledgeConfig)
    I2C_CheckEvent                           0x08002dcf   Thumb Code    42  stm32f10x_i2c.o(i.I2C_CheckEvent)
    I2C_Cmd                                  0x08002df9   Thumb Code    24  stm32f10x_i2c.o(i.I2C_Cmd)
    I2C_GenerateSTART                        0x08002e11   Thumb Code    24  stm32f10x_i2c.o(i.I2C_GenerateSTART)
    I2C_GenerateSTOP                         0x08002e29   Thumb Code    24  stm32f10x_i2c.o(i.I2C_GenerateSTOP)
    I2C_Init                                 0x08002e41   Thumb Code   222  stm32f10x_i2c.o(i.I2C_Init)
    I2C_ReceiveData                          0x08002f2d   Thumb Code     8  stm32f10x_i2c.o(i.I2C_ReceiveData)
    I2C_Send7bitAddress                      0x08002f35   Thumb Code    18  stm32f10x_i2c.o(i.I2C_Send7bitAddress)
    I2C_SendData                             0x08002f47   Thumb Code     4  stm32f10x_i2c.o(i.I2C_SendData)
    Key_Init                                 0x08002f4d   Thumb Code    36  key.o(i.Key_Init)
    Key_Task                                 0x08002f75   Thumb Code   192  key.o(i.Key_Task)
    MAX30102_FIFO_ReadWordS                  0x08003045   Thumb Code   234  max30102.o(i.MAX30102_FIFO_ReadWordS)
    MAX30102_INT                             0x08003131   Thumb Code    12  max30102.o(i.MAX30102_INT)
    MAX30102_Init                            0x08003141   Thumb Code   240  max30102.o(i.MAX30102_Init)
    MAX30102_ReadReg                         0x0800323d   Thumb Code   138  max30102.o(i.MAX30102_ReadReg)
    MAX30102_ReadRegS                        0x080032d5   Thumb Code   162  max30102.o(i.MAX30102_ReadRegS)
    MAX30102_Reset                           0x08003385   Thumb Code    12  max30102.o(i.MAX30102_Reset)
    MAX30102_WaitEvent                       0x08003391   Thumb Code    34  max30102.o(i.MAX30102_WaitEvent)
    MAX30102_WriteReg                        0x080033b5   Thumb Code    86  max30102.o(i.MAX30102_WriteReg)
    MAX_Task                                 0x08003419   Thumb Code   284  main.o(i.MAX_Task)
    MainShow_Task                            0x08003575   Thumb Code   672  main.o(i.MainShow_Task)
    Max30102_Get                             0x080038a9   Thumb Code   258  main.o(i.Max30102_Get)
    MemManage_Handler                        0x080039d1   Thumb Code     4  stm32f10x_it.o(i.MemManage_Handler)
    MenuShow_Task                            0x080039d5   Thumb Code   306  main.o(i.MenuShow_Task)
    MyI2C_Init                               0x08003b31   Thumb Code    50  myi2c.o(i.MyI2C_Init)
    MyI2C_R_SDA                              0x08003b69   Thumb Code    18  myi2c.o(i.MyI2C_R_SDA)
    MyI2C_ReceiveAck                         0x08003b81   Thumb Code    30  myi2c.o(i.MyI2C_ReceiveAck)
    MyI2C_ReceiveByte                        0x08003b9f   Thumb Code    52  myi2c.o(i.MyI2C_ReceiveByte)
    MyI2C_SendAck                            0x08003bd3   Thumb Code    24  myi2c.o(i.MyI2C_SendAck)
    MyI2C_SendByte                           0x08003beb   Thumb Code    42  myi2c.o(i.MyI2C_SendByte)
    MyI2C_Start                              0x08003c15   Thumb Code    28  myi2c.o(i.MyI2C_Start)
    MyI2C_Stop                               0x08003c31   Thumb Code    22  myi2c.o(i.MyI2C_Stop)
    MyI2C_W_SCL                              0x08003c49   Thumb Code    18  myi2c.o(i.MyI2C_W_SCL)
    MyI2C_W_SDA                              0x08003c61   Thumb Code    18  myi2c.o(i.MyI2C_W_SDA)
    NMI_Handler                              0x08003c79   Thumb Code     2  stm32f10x_it.o(i.NMI_Handler)
    NVIC_Init                                0x08003c7d   Thumb Code   100  misc.o(i.NVIC_Init)
    NVIC_PriorityGroupConfig                 0x08003ced   Thumb Code    10  misc.o(i.NVIC_PriorityGroupConfig)
    OLED_Clear                               0x08003d01   Thumb Code    36  oled.o(i.OLED_Clear)
    OLED_ClearArea                           0x08003d29   Thumb Code   162  oled.o(i.OLED_ClearArea)
    OLED_DrawLine                            0x08003dd1   Thumb Code   374  oled.o(i.OLED_DrawLine)
    OLED_DrawPoint                           0x08003f49   Thumb Code    74  oled.o(i.OLED_DrawPoint)
    OLED_DrawRectangle                       0x08003f99   Thumb Code   142  oled.o(i.OLED_DrawRectangle)
    OLED_GPIO_Init                           0x08004029   Thumb Code    90  oled.o(i.OLED_GPIO_Init)
    OLED_I2C_SendByte                        0x08004089   Thumb Code    62  oled.o(i.OLED_I2C_SendByte)
    OLED_I2C_Start                           0x080040c7   Thumb Code    28  oled.o(i.OLED_I2C_Start)
    OLED_I2C_Stop                            0x080040e3   Thumb Code    22  oled.o(i.OLED_I2C_Stop)
    OLED_Init                                0x080040f9   Thumb Code   154  oled.o(i.OLED_Init)
    OLED_Pow                                 0x08004193   Thumb Code    20  oled.o(i.OLED_Pow)
    OLED_Printf                              0x080041a7   Thumb Code    50  oled.o(i.OLED_Printf)
    OLED_ReverseArea                         0x080041d9   Thumb Code   162  oled.o(i.OLED_ReverseArea)
    OLED_SetCursor                           0x08004281   Thumb Code    34  oled.o(i.OLED_SetCursor)
    OLED_ShowChar                            0x080042a5   Thumb Code    74  oled.o(i.OLED_ShowChar)
    OLED_ShowChinese                         0x080042f9   Thumb Code   144  oled.o(i.OLED_ShowChinese)
    OLED_ShowImage                           0x08004391   Thumb Code   296  oled.o(i.OLED_ShowImage)
    OLED_ShowNum                             0x080044bd   Thumb Code    76  oled.o(i.OLED_ShowNum)
    OLED_ShowString                          0x08004509   Thumb Code    46  oled.o(i.OLED_ShowString)
    OLED_Update                              0x08004539   Thumb Code    36  oled.o(i.OLED_Update)
    OLED_W_SCL                               0x08004561   Thumb Code    18  oled.o(i.OLED_W_SCL)
    OLED_W_SDA                               0x08004579   Thumb Code    18  oled.o(i.OLED_W_SDA)
    OLED_WriteCommand                        0x08004591   Thumb Code    32  oled.o(i.OLED_WriteCommand)
    OLED_WriteData                           0x080045b1   Thumb Code    46  oled.o(i.OLED_WriteData)
    RCC_ADCCLKConfig                         0x080045e1   Thumb Code    18  stm32f10x_rcc.o(i.RCC_ADCCLKConfig)
    RCC_APB1PeriphClockCmd                   0x080045f9   Thumb Code    26  stm32f10x_rcc.o(i.RCC_APB1PeriphClockCmd)
    RCC_APB2PeriphClockCmd                   0x08004619   Thumb Code    26  stm32f10x_rcc.o(i.RCC_APB2PeriphClockCmd)
    RCC_GetClocksFreq                        0x08004639   Thumb Code   192  stm32f10x_rcc.o(i.RCC_GetClocksFreq)
    Serial_Init                              0x0800470d   Thumb Code   170  serial.o(i.Serial_Init)
    Serial_Printf                            0x080047c1   Thumb Code    36  serial.o(i.Serial_Printf)
    Serial_SendByte                          0x080047e5   Thumb Code    28  serial.o(i.Serial_SendByte)
    Serial_SendString                        0x08004805   Thumb Code    26  serial.o(i.Serial_SendString)
    Serial_Task                              0x08004821   Thumb Code   234  main.o(i.Serial_Task)
    SetAlarm_Task                            0x08004945   Thumb Code   364  ds3231.o(i.SetAlarm_Task)
    SetClock_Task                            0x08004ae9   Thumb Code   532  ds3231.o(i.SetClock_Task)
    SysTick_Handler                          0x08004e2d   Thumb Code    46  port.o(i.SysTick_Handler)
    SystemInit                               0x08004e61   Thumb Code    78  system_stm32f10x.o(i.SystemInit)
    USART1_IRQHandler                        0x08004ec1   Thumb Code    74  serial.o(i.USART1_IRQHandler)
    USART_ClearITPendingBit                  0x08004f1d   Thumb Code    30  stm32f10x_usart.o(i.USART_ClearITPendingBit)
    USART_Cmd                                0x08004f3b   Thumb Code    24  stm32f10x_usart.o(i.USART_Cmd)
    USART_GetFlagStatus                      0x08004f53   Thumb Code    26  stm32f10x_usart.o(i.USART_GetFlagStatus)
    USART_GetITStatus                        0x08004f6d   Thumb Code    84  stm32f10x_usart.o(i.USART_GetITStatus)
    USART_ITConfig                           0x08004fc1   Thumb Code    74  stm32f10x_usart.o(i.USART_ITConfig)
    USART_Init                               0x0800500d   Thumb Code   210  stm32f10x_usart.o(i.USART_Init)
    USART_ReceiveData                        0x080050e5   Thumb Code    10  stm32f10x_usart.o(i.USART_ReceiveData)
    USART_SendData                           0x080050ef   Thumb Code     8  stm32f10x_usart.o(i.USART_SendData)
    UsageFault_Handler                       0x080050f7   Thumb Code     4  stm32f10x_it.o(i.UsageFault_Handler)
    __ARM_fpclassify                         0x080050fb   Thumb Code    40  fpclassify.o(i.__ARM_fpclassify)
    _is_digit                                0x08005123   Thumb Code    14  __printf_wp.o(i._is_digit)
    main                                     0x08005131   Thumb Code   390  main.o(i.main)
    maxim_find_peaks                         0x08005391   Thumb Code    66  max30102.o(i.maxim_find_peaks)
    maxim_heart_rate_and_oxygen_saturation   0x080053d5   Thumb Code  1272  max30102.o(i.maxim_heart_rate_and_oxygen_saturation)
    maxim_peaks_above_min_height             0x080058d5   Thumb Code   122  max30102.o(i.maxim_peaks_above_min_height)
    maxim_remove_close_peaks                 0x0800594f   Thumb Code   114  max30102.o(i.maxim_remove_close_peaks)
    maxim_sort_ascend                        0x080059c1   Thumb Code    54  max30102.o(i.maxim_sort_ascend)
    maxim_sort_indices_descend               0x080059f7   Thumb Code    64  max30102.o(i.maxim_sort_indices_descend)
    peak_update                              0x08005a39   Thumb Code   286  adxl345.o(i.peak_update)
    pvPortMalloc                             0x08006171   Thumb Code   208  heap_4.o(i.pvPortMalloc)
    pvTaskIncrementMutexHeldCount            0x08006255   Thumb Code    26  tasks.o(i.pvTaskIncrementMutexHeldCount)
    pxPortInitialiseStack                    0x08006275   Thumb Code    30  port.o(i.pxPortInitialiseStack)
    slid_update                              0x08006299   Thumb Code   322  adxl345.o(i.slid_update)
    uxListRemove                             0x080063e1   Thumb Code    40  list.o(i.uxListRemove)
    uxTaskGetNumberOfTasks                   0x08006409   Thumb Code     6  tasks.o(i.uxTaskGetNumberOfTasks)
    vListInitialise                          0x08006415   Thumb Code    26  list.o(i.vListInitialise)
    vListInitialiseItem                      0x0800642f   Thumb Code     6  list.o(i.vListInitialiseItem)
    vListInsert                              0x08006435   Thumb Code    52  list.o(i.vListInsert)
    vListInsertEnd                           0x08006469   Thumb Code    24  list.o(i.vListInsertEnd)
    vPortEnterCritical                       0x08006481   Thumb Code    30  port.o(i.vPortEnterCritical)
    vPortExitCritical                        0x080064a5   Thumb Code    28  port.o(i.vPortExitCritical)
    vPortFree                                0x080064c5   Thumb Code    68  heap_4.o(i.vPortFree)
    vPortSetupTimerInterrupt                 0x08006511   Thumb Code    20  port.o(i.vPortSetupTimerInterrupt)
    vTaskDelay                               0x08006529   Thumb Code    46  tasks.o(i.vTaskDelay)
    vTaskInternalSetTimeOutState             0x0800655d   Thumb Code    14  tasks.o(i.vTaskInternalSetTimeOutState)
    vTaskMissedYield                         0x08006575   Thumb Code     8  tasks.o(i.vTaskMissedYield)
    vTaskPlaceOnEventList                    0x08006581   Thumb Code    28  tasks.o(i.vTaskPlaceOnEventList)
    vTaskPriorityDisinheritAfterTimeout      0x080065a1   Thumb Code   204  tasks.o(i.vTaskPriorityDisinheritAfterTimeout)
    vTaskResume                              0x08006675   Thumb Code   156  tasks.o(i.vTaskResume)
    vTaskStartScheduler                      0x08006721   Thumb Code    76  tasks.o(i.vTaskStartScheduler)
    vTaskSuspend                             0x0800678d   Thumb Code   188  tasks.o(i.vTaskSuspend)
    vTaskSuspendAll                          0x08006865   Thumb Code    12  tasks.o(i.vTaskSuspendAll)
    vTaskSwitchContext                       0x08006875   Thumb Code    76  tasks.o(i.vTaskSwitchContext)
    xPortStartScheduler                      0x080068d5   Thumb Code    42  port.o(i.xPortStartScheduler)
    xQueueGenericCreate                      0x08006909   Thumb Code    76  queue.o(i.xQueueGenericCreate)
    xQueueGenericReset                       0x08006955   Thumb Code   156  queue.o(i.xQueueGenericReset)
    xQueueGenericSend                        0x080069f5   Thumb Code   276  queue.o(i.xQueueGenericSend)
    xQueueGenericSendFromISR                 0x08006b0d   Thumb Code   152  queue.o(i.xQueueGenericSendFromISR)
    xQueueReceive                            0x08006ba5   Thumb Code   256  queue.o(i.xQueueReceive)
    xQueueSemaphoreTake                      0x08006ca9   Thumb Code   300  queue.o(i.xQueueSemaphoreTake)
    xTaskCheckForTimeOut                     0x08006dd9   Thumb Code    88  tasks.o(i.xTaskCheckForTimeOut)
    xTaskCreate                              0x08006e39   Thumb Code   104  tasks.o(i.xTaskCreate)
    xTaskGenericNotify                       0x08006ea1   Thumb Code   314  tasks.o(i.xTaskGenericNotify)
    xTaskGenericNotifyWait                   0x08006fed   Thumb Code   164  tasks.o(i.xTaskGenericNotifyWait)
    xTaskGetTickCount                        0x08007099   Thumb Code     6  tasks.o(i.xTaskGetTickCount)
    xTaskGetTickCountFromISR                 0x080070a5   Thumb Code     8  tasks.o(i.xTaskGetTickCountFromISR)
    xTaskIncrementTick                       0x080070b1   Thumb Code   356  tasks.o(i.xTaskIncrementTick)
    xTaskPriorityDisinherit                  0x08007241   Thumb Code   162  tasks.o(i.xTaskPriorityDisinherit)
    xTaskPriorityInherit                     0x080072ed   Thumb Code   224  tasks.o(i.xTaskPriorityInherit)
    xTaskRemoveFromEventList                 0x080073d9   Thumb Code   240  tasks.o(i.xTaskRemoveFromEventList)
    xTaskResumeAll                           0x080074e1   Thumb Code   310  tasks.o(i.xTaskResumeAll)
    _get_lc_numeric                          0x0800763d   Thumb Code    44  lc_numeric_c.o(locale$$code)
    _get_lc_ctype                            0x08007669   Thumb Code    44  lc_ctype_c.o(locale$$code)
    __aeabi_ddiv                             0x08007695   Thumb Code     0  ddiv.o(x$fpl$ddiv)
    _ddiv                                    0x08007695   Thumb Code   552  ddiv.o(x$fpl$ddiv)
    __aeabi_d2uiz                            0x08007945   Thumb Code     0  dfixu.o(x$fpl$dfixu)
    _dfixu                                   0x08007945   Thumb Code    90  dfixu.o(x$fpl$dfixu)
    __aeabi_ui2d                             0x0800799f   Thumb Code     0  dflt_clz.o(x$fpl$dfltu)
    _dfltu                                   0x0800799f   Thumb Code    38  dflt_clz.o(x$fpl$dfltu)
    __aeabi_dmul                             0x080079c5   Thumb Code     0  dmul.o(x$fpl$dmul)
    _dmul                                    0x080079c5   Thumb Code   332  dmul.o(x$fpl$dmul)
    __fpl_dnaninf                            0x08007b19   Thumb Code   156  dnaninf.o(x$fpl$dnaninf)
    __fpl_dretinf                            0x08007bb5   Thumb Code    12  dretinf.o(x$fpl$dretinf)
    __aeabi_fadd                             0x08007bc1   Thumb Code     0  faddsub_clz.o(x$fpl$fadd)
    _fadd                                    0x08007bc1   Thumb Code   196  faddsub_clz.o(x$fpl$fadd)
    __fpl_fcmp_Inf                           0x08007c85   Thumb Code    24  fcmpi.o(x$fpl$fcmpinf)
    __aeabi_fdiv                             0x08007c9d   Thumb Code     0  fdiv.o(x$fpl$fdiv)
    _fdiv                                    0x08007c9d   Thumb Code   384  fdiv.o(x$fpl$fdiv)
    __aeabi_cfcmpeq                          0x08007e21   Thumb Code     0  feqf.o(x$fpl$feqf)
    _fcmpeq                                  0x08007e21   Thumb Code   104  feqf.o(x$fpl$feqf)
    __aeabi_i2f                              0x08007e89   Thumb Code     0  fflt_clz.o(x$fpl$fflt)
    _fflt                                    0x08007e89   Thumb Code    48  fflt_clz.o(x$fpl$fflt)
    __aeabi_cfcmple                          0x08007eb9   Thumb Code     0  fleqf.o(x$fpl$fleqf)
    _fcmple                                  0x08007eb9   Thumb Code   104  fleqf.o(x$fpl$fleqf)
    __fpl_fcmple_InfNaN                      0x08007f0b   Thumb Code     0  fleqf.o(x$fpl$fleqf)
    __fpl_fnaninf                            0x08007f21   Thumb Code   140  fnaninf.o(x$fpl$fnaninf)
    __fpl_fretinf                            0x08007fad   Thumb Code    10  fretinf.o(x$fpl$fretinf)
    __aeabi_cfrcmple                         0x08007fb7   Thumb Code     0  frleqf.o(x$fpl$frleqf)
    _frcmple                                 0x08007fb7   Thumb Code    98  frleqf.o(x$fpl$frleqf)
    __aeabi_frsub                            0x08008019   Thumb Code     0  faddsub_clz.o(x$fpl$frsb)
    _frsb                                    0x08008019   Thumb Code    20  faddsub_clz.o(x$fpl$frsb)
    __aeabi_fsub                             0x0800802d   Thumb Code     0  faddsub_clz.o(x$fpl$fsub)
    _fsub                                    0x0800802d   Thumb Code   234  faddsub_clz.o(x$fpl$fsub)
    _printf_fp_dec                           0x08008117   Thumb Code     4  printf1.o(x$fpl$printf1)
    _printf_fp_hex                           0x0800811b   Thumb Code     4  printf2.o(x$fpl$printf2)
    OLED_F8x16                               0x0800811e   Data        1520  oled_data.o(.constdata)
    __I$use$fp                               0x0800811e   Number         0  usenofp.o(x$fpl$usenofp)
    OLED_F6x8                                0x0800870e   Data         570  oled_data.o(.constdata)
    OLED_CF16x16                             0x08008948   Data         252  oled_data.o(.constdata)
    Battery_Full                             0x08008a44   Data          17  oled_data.o(.constdata)
    Battery_75                               0x08008a55   Data          17  oled_data.o(.constdata)
    Battery_50                               0x08008a66   Data          17  oled_data.o(.constdata)
    Battery_25                               0x08008a77   Data          17  oled_data.o(.constdata)
    Battery_0                                0x08008a88   Data          17  oled_data.o(.constdata)
    percent                                  0x08008a99   Data           7  oled_data.o(.constdata)
    auw_hamm                                 0x08008aa0   Data          62  max30102.o(.constdata)
    uch_spo2_table                           0x08008ade   Data         184  max30102.o(.constdata)
    Region$$Table$$Base                      0x08008c94   Number         0  anon$$obj.o(Region$$Table)
    Region$$Table$$Limit                     0x08008cb4   Number         0  anon$$obj.o(Region$$Table)
    __ctype                                  0x08008cdd   Data           0  lc_ctype_c.o(locale$$data)
    Serial_RxData                            0x20000024   Data           1  serial.o(.data)
    Serial_RxFlag                            0x20000025   Data           1  serial.o(.data)
    press_count                              0x20000028   Data           1  key.o(.data)
    is_pressing                              0x20000029   Data           1  key.o(.data)
    DS3231_R_Time                            0x20000030   Data           7  main.o(.data)
    alarm_flag                               0x20000037   Data           1  main.o(.data)
    Active_axis                              0x20000038   Data           1  main.o(.data)
    Step_Count                               0x20000039   Data           1  main.o(.data)
    buffer_length                            0x2000003c   Data           4  main.o(.data)
    n_sp02                                   0x20000040   Data           4  main.o(.data)
    ch_spo2_valid                            0x20000044   Data           1  main.o(.data)
    n_heart_rate                             0x20000048   Data           4  main.o(.data)
    ch_hr_valid                              0x2000004c   Data           1  main.o(.data)
    index_count                              0x2000004e   Data           2  main.o(.data)
    un_min                                   0x20000050   Data           4  main.o(.data)
    un_max                                   0x20000054   Data           4  main.o(.data)
    dis_hr                                   0x20000058   Data           1  main.o(.data)
    dis_spo2                                 0x20000059   Data           1  main.o(.data)
    UART_Star                                0x2000005a   Data           1  main.o(.data)
    inputQueue                               0x20000060   Data           4  main.o(.data)
    xMainShow_TaskHandler                    0x20000064   Data           4  main.o(.data)
    xMenuShow_TaskHandler                    0x20000068   Data           4  main.o(.data)
    xSerial_TaskHandler                      0x2000006c   Data           4  main.o(.data)
    xSetClock_TaskHandler                    0x20000070   Data           4  main.o(.data)
    xSetAlarm_TaskHandler                    0x20000074   Data           4  main.o(.data)
    xADXL_TaskHandler                        0x20000078   Data           4  main.o(.data)
    xMAX_TaskHandler                         0x2000007c   Data           4  main.o(.data)
    xBuzzer_TaskHandler                      0x20000080   Data           4  main.o(.data)
    xKey_TaskHandler                         0x20000084   Data           4  main.o(.data)
    ret                                      0x20000088   Data           4  main.o(.data)
    xSet_Init_Semaphore                      0x2000008c   Data           4  main.o(.data)
    xBuzzer_Semaphore                        0x20000090   Data           4  main.o(.data)
    xMax30102_Semaphore                      0x20000094   Data           4  main.o(.data)
    pxCurrentTCB                             0x200000c4   Data           4  tasks.o(.data)
    uxTopUsedPriority                        0x200000fc   Data           4  tasks.o(.data)
    OLED_DisplayBuf                          0x20000104   Data        1024  oled.o(.bss)
    Peak                                     0x20001c64   Data          36  main.o(.bss)
    Slid                                     0x20001c88   Data          24  main.o(.bss)
    Cur_Sample                               0x20001ca0   Data          12  main.o(.bss)
    ir_buffer                                0x20001cac   Data        2000  main.o(.bss)
    red_buffer                               0x2000247c   Data        2000  main.o(.bss)
    __libspace_start                         0x20004978   Data          96  libspace.o(.bss)
    __temporary_stack_top$libspace           0x200049d8   Data           0  libspace.o(.bss)



==============================================================================

Memory Map of the image

  Image Entry point : 0x080000ed

  Load Region LR_IROM1 (Base: 0x08000000, Size: 0x00008ee4, Max: 0x00010000, ABSOLUTE)

    Execution Region ER_IROM1 (Exec base: 0x08000000, Load base: 0x08000000, Size: 0x00008de0, Max: 0x00010000, ABSOLUTE)

    Exec Addr    Load Addr    Size         Type   Attr      Idx    E Section Name        Object

    0x08000000   0x08000000   0x000000ec   Data   RO            3    RESET               startup_stm32f10x_md.o
    0x080000ec   0x080000ec   0x00000008   Code   RO         5175  * !!!main             c_w.l(__main.o)
    0x080000f4   0x080000f4   0x00000034   Code   RO         5660    !!!scatter          c_w.l(__scatter.o)
    0x08000128   0x08000128   0x0000001a   Code   RO         5662    !!handler_copy      c_w.l(__scatter_copy.o)
    0x08000142   0x08000142   0x00000002   PAD
    0x08000144   0x08000144   0x0000001c   Code   RO         5664    !!handler_zi        c_w.l(__scatter_zi.o)
    0x08000160   0x08000160   0x00000000   Code   RO         5352    .ARM.Collect$$_printf_percent$$00000000  c_w.l(_printf_percent.o)
    0x08000160   0x08000160   0x00000006   Code   RO         5341    .ARM.Collect$$_printf_percent$$00000001  c_w.l(_printf_n.o)
    0x08000166   0x08000166   0x00000006   Code   RO         5343    .ARM.Collect$$_printf_percent$$00000002  c_w.l(_printf_p.o)
    0x0800016c   0x0800016c   0x00000006   Code   RO         5348    .ARM.Collect$$_printf_percent$$00000003  c_w.l(_printf_f.o)
    0x08000172   0x08000172   0x00000006   Code   RO         5349    .ARM.Collect$$_printf_percent$$00000004  c_w.l(_printf_e.o)
    0x08000178   0x08000178   0x00000006   Code   RO         5350    .ARM.Collect$$_printf_percent$$00000005  c_w.l(_printf_g.o)
    0x0800017e   0x0800017e   0x00000006   Code   RO         5351    .ARM.Collect$$_printf_percent$$00000006  c_w.l(_printf_a.o)
    0x08000184   0x08000184   0x0000000a   Code   RO         5356    .ARM.Collect$$_printf_percent$$00000007  c_w.l(_printf_ll.o)
    0x0800018e   0x0800018e   0x00000006   Code   RO         5345    .ARM.Collect$$_printf_percent$$00000008  c_w.l(_printf_i.o)
    0x08000194   0x08000194   0x00000006   Code   RO         5346    .ARM.Collect$$_printf_percent$$00000009  c_w.l(_printf_d.o)
    0x0800019a   0x0800019a   0x00000006   Code   RO         5347    .ARM.Collect$$_printf_percent$$0000000A  c_w.l(_printf_u.o)
    0x080001a0   0x080001a0   0x00000006   Code   RO         5344    .ARM.Collect$$_printf_percent$$0000000B  c_w.l(_printf_o.o)
    0x080001a6   0x080001a6   0x00000006   Code   RO         5342    .ARM.Collect$$_printf_percent$$0000000C  c_w.l(_printf_x.o)
    0x080001ac   0x080001ac   0x00000006   Code   RO         5353    .ARM.Collect$$_printf_percent$$0000000D  c_w.l(_printf_lli.o)
    0x080001b2   0x080001b2   0x00000006   Code   RO         5354    .ARM.Collect$$_printf_percent$$0000000E  c_w.l(_printf_lld.o)
    0x080001b8   0x080001b8   0x00000006   Code   RO         5355    .ARM.Collect$$_printf_percent$$0000000F  c_w.l(_printf_llu.o)
    0x080001be   0x080001be   0x00000006   Code   RO         5360    .ARM.Collect$$_printf_percent$$00000010  c_w.l(_printf_llo.o)
    0x080001c4   0x080001c4   0x00000006   Code   RO         5361    .ARM.Collect$$_printf_percent$$00000011  c_w.l(_printf_llx.o)
    0x080001ca   0x080001ca   0x0000000a   Code   RO         5357    .ARM.Collect$$_printf_percent$$00000012  c_w.l(_printf_l.o)
    0x080001d4   0x080001d4   0x00000006   Code   RO         5339    .ARM.Collect$$_printf_percent$$00000013  c_w.l(_printf_c.o)
    0x080001da   0x080001da   0x00000006   Code   RO         5340    .ARM.Collect$$_printf_percent$$00000014  c_w.l(_printf_s.o)
    0x080001e0   0x080001e0   0x00000006   Code   RO         5358    .ARM.Collect$$_printf_percent$$00000015  c_w.l(_printf_lc.o)
    0x080001e6   0x080001e6   0x00000006   Code   RO         5359    .ARM.Collect$$_printf_percent$$00000016  c_w.l(_printf_ls.o)
    0x080001ec   0x080001ec   0x00000004   Code   RO         5507    .ARM.Collect$$_printf_percent$$00000017  c_w.l(_printf_percent_end.o)
    0x080001f0   0x080001f0   0x00000002   Code   RO         5588    .ARM.Collect$$libinit$$00000000  c_w.l(libinit.o)
    0x080001f2   0x080001f2   0x00000000   Code   RO         5367    .ARM.Collect$$libinit$$00000002  c_w.l(libinit2.o)
    0x080001f2   0x080001f2   0x00000000   Code   RO         5369    .ARM.Collect$$libinit$$00000004  c_w.l(libinit2.o)
    0x080001f2   0x080001f2   0x00000008   Code   RO         5370    .ARM.Collect$$libinit$$00000005  c_w.l(libinit2.o)
    0x080001fa   0x080001fa   0x00000000   Code   RO         5372    .ARM.Collect$$libinit$$0000000A  c_w.l(libinit2.o)
    0x080001fa   0x080001fa   0x00000000   Code   RO         5374    .ARM.Collect$$libinit$$0000000C  c_w.l(libinit2.o)
    0x080001fa   0x080001fa   0x00000000   Code   RO         5376    .ARM.Collect$$libinit$$0000000E  c_w.l(libinit2.o)
    0x080001fa   0x080001fa   0x00000006   Code   RO         5377    .ARM.Collect$$libinit$$0000000F  c_w.l(libinit2.o)
    0x08000200   0x08000200   0x00000000   Code   RO         5379    .ARM.Collect$$libinit$$00000011  c_w.l(libinit2.o)
    0x08000200   0x08000200   0x0000000c   Code   RO         5380    .ARM.Collect$$libinit$$00000012  c_w.l(libinit2.o)
    0x0800020c   0x0800020c   0x00000000   Code   RO         5381    .ARM.Collect$$libinit$$00000013  c_w.l(libinit2.o)
    0x0800020c   0x0800020c   0x00000000   Code   RO         5383    .ARM.Collect$$libinit$$00000015  c_w.l(libinit2.o)
    0x0800020c   0x0800020c   0x0000000a   Code   RO         5384    .ARM.Collect$$libinit$$00000016  c_w.l(libinit2.o)
    0x08000216   0x08000216   0x00000000   Code   RO         5385    .ARM.Collect$$libinit$$00000017  c_w.l(libinit2.o)
    0x08000216   0x08000216   0x00000000   Code   RO         5387    .ARM.Collect$$libinit$$00000019  c_w.l(libinit2.o)
    0x08000216   0x08000216   0x00000000   Code   RO         5389    .ARM.Collect$$libinit$$0000001B  c_w.l(libinit2.o)
    0x08000216   0x08000216   0x00000000   Code   RO         5391    .ARM.Collect$$libinit$$0000001D  c_w.l(libinit2.o)
    0x08000216   0x08000216   0x00000000   Code   RO         5393    .ARM.Collect$$libinit$$0000001F  c_w.l(libinit2.o)
    0x08000216   0x08000216   0x00000000   Code   RO         5395    .ARM.Collect$$libinit$$00000021  c_w.l(libinit2.o)
    0x08000216   0x08000216   0x00000000   Code   RO         5397    .ARM.Collect$$libinit$$00000023  c_w.l(libinit2.o)
    0x08000216   0x08000216   0x00000000   Code   RO         5399    .ARM.Collect$$libinit$$00000025  c_w.l(libinit2.o)
    0x08000216   0x08000216   0x00000000   Code   RO         5403    .ARM.Collect$$libinit$$0000002C  c_w.l(libinit2.o)
    0x08000216   0x08000216   0x00000000   Code   RO         5405    .ARM.Collect$$libinit$$0000002E  c_w.l(libinit2.o)
    0x08000216   0x08000216   0x00000000   Code   RO         5407    .ARM.Collect$$libinit$$00000030  c_w.l(libinit2.o)
    0x08000216   0x08000216   0x00000000   Code   RO         5409    .ARM.Collect$$libinit$$00000032  c_w.l(libinit2.o)
    0x08000216   0x08000216   0x00000002   Code   RO         5410    .ARM.Collect$$libinit$$00000033  c_w.l(libinit2.o)
    0x08000218   0x08000218   0x00000002   Code   RO         5657    .ARM.Collect$$libshutdown$$00000000  c_w.l(libshutdown.o)
    0x0800021a   0x0800021a   0x00000000   Code   RO         5609    .ARM.Collect$$libshutdown$$00000002  c_w.l(libshutdown2.o)
    0x0800021a   0x0800021a   0x00000000   Code   RO         5611    .ARM.Collect$$libshutdown$$00000004  c_w.l(libshutdown2.o)
    0x0800021a   0x0800021a   0x00000000   Code   RO         5614    .ARM.Collect$$libshutdown$$00000007  c_w.l(libshutdown2.o)
    0x0800021a   0x0800021a   0x00000000   Code   RO         5617    .ARM.Collect$$libshutdown$$0000000A  c_w.l(libshutdown2.o)
    0x0800021a   0x0800021a   0x00000000   Code   RO         5619    .ARM.Collect$$libshutdown$$0000000C  c_w.l(libshutdown2.o)
    0x0800021a   0x0800021a   0x00000000   Code   RO         5622    .ARM.Collect$$libshutdown$$0000000F  c_w.l(libshutdown2.o)
    0x0800021a   0x0800021a   0x00000002   Code   RO         5623    .ARM.Collect$$libshutdown$$00000010  c_w.l(libshutdown2.o)
    0x0800021c   0x0800021c   0x00000000   Code   RO         5243    .ARM.Collect$$rtentry$$00000000  c_w.l(__rtentry.o)
    0x0800021c   0x0800021c   0x00000000   Code   RO         5465    .ARM.Collect$$rtentry$$00000002  c_w.l(__rtentry2.o)
    0x0800021c   0x0800021c   0x00000006   Code   RO         5477    .ARM.Collect$$rtentry$$00000004  c_w.l(__rtentry4.o)
    0x08000222   0x08000222   0x00000000   Code   RO         5467    .ARM.Collect$$rtentry$$00000009  c_w.l(__rtentry2.o)
    0x08000222   0x08000222   0x00000004   Code   RO         5468    .ARM.Collect$$rtentry$$0000000A  c_w.l(__rtentry2.o)
    0x08000226   0x08000226   0x00000000   Code   RO         5470    .ARM.Collect$$rtentry$$0000000C  c_w.l(__rtentry2.o)
    0x08000226   0x08000226   0x00000008   Code   RO         5471    .ARM.Collect$$rtentry$$0000000D  c_w.l(__rtentry2.o)
    0x0800022e   0x0800022e   0x00000002   Code   RO         5595    .ARM.Collect$$rtexit$$00000000  c_w.l(rtexit.o)
    0x08000230   0x08000230   0x00000000   Code   RO         5629    .ARM.Collect$$rtexit$$00000002  c_w.l(rtexit2.o)
    0x08000230   0x08000230   0x00000004   Code   RO         5630    .ARM.Collect$$rtexit$$00000003  c_w.l(rtexit2.o)
    0x08000234   0x08000234   0x00000006   Code   RO         5631    .ARM.Collect$$rtexit$$00000004  c_w.l(rtexit2.o)
    0x0800023a   0x0800023a   0x00000002   PAD
    0x0800023c   0x0800023c   0x00000096   Code   RO         4264    .emb_text           port.o
    0x080002d2   0x080002d2   0x00000002   PAD
    0x080002d4   0x080002d4   0x00000000   Code   RO         5486    .emb_text           c_w.l(maybetermalloc1.o)
    0x080002d4   0x080002d4   0x00000040   Code   RO            4    .text               startup_stm32f10x_md.o
    0x08000314   0x08000314   0x0000005e   Code   RO         5103    .text               c_w.l(h1_alloc.o)
    0x08000372   0x08000372   0x0000004e   Code   RO         5105    .text               c_w.l(h1_free.o)
    0x080003c0   0x080003c0   0x00000024   Code   RO         5161    .text               c_w.l(vsprintf.o)
    0x080003e4   0x080003e4   0x0000008a   Code   RO         5163    .text               c_w.l(rt_memcpy_v6.o)
    0x0800046e   0x0800046e   0x00000010   Code   RO         5165    .text               c_w.l(aeabi_memset.o)
    0x0800047e   0x0800047e   0x00000044   Code   RO         5167    .text               c_w.l(rt_memclr.o)
    0x080004c2   0x080004c2   0x0000004e   Code   RO         5169    .text               c_w.l(rt_memclr_w.o)
    0x08000510   0x08000510   0x00000080   Code   RO         5171    .text               c_w.l(strcmpv7m.o)
    0x08000590   0x08000590   0x00000006   Code   RO         5173    .text               c_w.l(heapauxi.o)
    0x08000596   0x08000596   0x00000002   PAD
    0x08000598   0x08000598   0x00000008   Code   RO         5247    .text               c_w.l(rt_heap_descriptor_intlibspace.o)
    0x080005a0   0x080005a0   0x00000004   Code   RO         5249    .text               c_w.l(hguard.o)
    0x080005a4   0x080005a4   0x0000008a   Code   RO         5251    .text               c_w.l(init_alloc.o)
    0x0800062e   0x0800062e   0x0000000e   Code   RO         5255    .text               c_w.l(h1_init.o)
    0x0800063c   0x0800063c   0x0000004e   Code   RO         5273    .text               c_w.l(_printf_pad.o)
    0x0800068a   0x0800068a   0x00000024   Code   RO         5275    .text               c_w.l(_printf_truncate.o)
    0x080006ae   0x080006ae   0x00000052   Code   RO         5277    .text               c_w.l(_printf_str.o)
    0x08000700   0x08000700   0x00000078   Code   RO         5279    .text               c_w.l(_printf_dec.o)
    0x08000778   0x08000778   0x00000028   Code   RO         5281    .text               c_w.l(_printf_charcount.o)
    0x080007a0   0x080007a0   0x00000030   Code   RO         5283    .text               c_w.l(_printf_char_common.o)
    0x080007d0   0x080007d0   0x0000000a   Code   RO         5285    .text               c_w.l(_sputc.o)
    0x080007da   0x080007da   0x00000002   PAD
    0x080007dc   0x080007dc   0x000000bc   Code   RO         5287    .text               c_w.l(_printf_wctomb.o)
    0x08000898   0x08000898   0x0000007c   Code   RO         5290    .text               c_w.l(_printf_longlong_dec.o)
    0x08000914   0x08000914   0x00000070   Code   RO         5296    .text               c_w.l(_printf_oct_int_ll.o)
    0x08000984   0x08000984   0x00000094   Code   RO         5316    .text               c_w.l(_printf_hex_int_ll_ptr.o)
    0x08000a18   0x08000a18   0x00000188   Code   RO         5336    .text               c_w.l(__printf_flags_ss_wp.o)
    0x08000ba0   0x08000ba0   0x00000064   Code   RO         5362    .text               c_w.l(rt_memcpy_w.o)
    0x08000c04   0x08000c04   0x00000008   Code   RO         5461    .text               c_w.l(libspace.o)
    0x08000c0c   0x08000c0c   0x00000034   Code   RO         5488    .text               c_w.l(h1_extend.o)
    0x08000c40   0x08000c40   0x0000008a   Code   RO         5492    .text               c_w.l(lludiv10.o)
    0x08000cca   0x08000cca   0x000000b2   Code   RO         5494    .text               c_w.l(_printf_intcommon.o)
    0x08000d7c   0x08000d7c   0x0000041e   Code   RO         5496    .text               c_w.l(_printf_fp_dec.o)
    0x0800119a   0x0800119a   0x00000002   PAD
    0x0800119c   0x0800119c   0x000002fc   Code   RO         5498    .text               c_w.l(_printf_fp_hex.o)
    0x08001498   0x08001498   0x0000002c   Code   RO         5503    .text               c_w.l(_printf_char.o)
    0x080014c4   0x080014c4   0x0000002c   Code   RO         5505    .text               c_w.l(_printf_wchar.o)
    0x080014f0   0x080014f0   0x00000040   Code   RO         5508    .text               c_w.l(_wcrtomb.o)
    0x08001530   0x08001530   0x0000000e   Code   RO         5510    .text               c_w.l(defsig_rtmem_outer.o)
    0x0800153e   0x0800153e   0x00000002   Code   RO         5527    .text               c_w.l(use_no_semi.o)
    0x08001540   0x08001540   0x00000000   Code   RO         5529    .text               c_w.l(indicate_semi.o)
    0x08001540   0x08001540   0x0000004a   Code   RO         5530    .text               c_w.l(sys_stackheap_outer.o)
    0x0800158a   0x0800158a   0x00000002   PAD
    0x0800158c   0x0800158c   0x00000010   Code   RO         5532    .text               c_w.l(rt_ctype_table.o)
    0x0800159c   0x0800159c   0x00000008   Code   RO         5539    .text               c_w.l(rt_locale_intlibspace.o)
    0x080015a4   0x080015a4   0x00000080   Code   RO         5543    .text               c_w.l(_printf_fp_infnan.o)
    0x08001624   0x08001624   0x000000e4   Code   RO         5545    .text               c_w.l(bigflt0.o)
    0x08001708   0x08001708   0x00000012   Code   RO         5573    .text               c_w.l(exit.o)
    0x0800171a   0x0800171a   0x0000000a   Code   RO         5575    .text               c_w.l(defsig_exit.o)
    0x08001724   0x08001724   0x00000050   Code   RO         5577    .text               c_w.l(defsig_rtmem_inner.o)
    0x08001774   0x08001774   0x0000000c   Code   RO         5593    .text               c_w.l(sys_exit.o)
    0x08001780   0x08001780   0x00000032   Code   RO         5606    .text               c_w.l(defsig_general.o)
    0x080017b2   0x080017b2   0x0000000e   Code   RO         5626    .text               c_w.l(sys_wrch.o)
    0x080017c0   0x080017c0   0x0000003e   Code   RO         5548    CL$$btod_d2e        c_w.l(btod.o)
    0x080017fe   0x080017fe   0x00000046   Code   RO         5550    CL$$btod_d2e_denorm_low  c_w.l(btod.o)
    0x08001844   0x08001844   0x00000060   Code   RO         5549    CL$$btod_d2e_norm_op1  c_w.l(btod.o)
    0x080018a4   0x080018a4   0x00000338   Code   RO         5558    CL$$btod_div_common  c_w.l(btod.o)
    0x08001bdc   0x08001bdc   0x000000dc   Code   RO         5555    CL$$btod_e2e        c_w.l(btod.o)
    0x08001cb8   0x08001cb8   0x0000002a   Code   RO         5552    CL$$btod_ediv       c_w.l(btod.o)
    0x08001ce2   0x08001ce2   0x0000002a   Code   RO         5551    CL$$btod_emul       c_w.l(btod.o)
    0x08001d0c   0x08001d0c   0x00000244   Code   RO         5557    CL$$btod_mult_common  c_w.l(btod.o)
    0x08001f50   0x08001f50   0x00000016   Code   RO          202    i.ADC_Cmd           stm32f10x_adc.o
    0x08001f66   0x08001f66   0x00000014   Code   RO          210    i.ADC_GetCalibrationStatus  stm32f10x_adc.o
    0x08001f7a   0x08001f7a   0x00000008   Code   RO          211    i.ADC_GetConversionValue  stm32f10x_adc.o
    0x08001f82   0x08001f82   0x00000012   Code   RO          213    i.ADC_GetFlagStatus  stm32f10x_adc.o
    0x08001f94   0x08001f94   0x00000014   Code   RO          216    i.ADC_GetResetCalibrationStatus  stm32f10x_adc.o
    0x08001fa8   0x08001fa8   0x00000050   Code   RO          220    i.ADC_Init          stm32f10x_adc.o
    0x08001ff8   0x08001ff8   0x000000b8   Code   RO          224    i.ADC_RegularChannelConfig  stm32f10x_adc.o
    0x080020b0   0x080020b0   0x0000000a   Code   RO          225    i.ADC_ResetCalibration  stm32f10x_adc.o
    0x080020ba   0x080020ba   0x00000016   Code   RO          227    i.ADC_SoftwareStartConvCmd  stm32f10x_adc.o
    0x080020d0   0x080020d0   0x0000000a   Code   RO          229    i.ADC_StartCalibration  stm32f10x_adc.o
    0x080020da   0x080020da   0x0000008c   Code   RO         3728    i.ADXL345_Average   adxl345.o
    0x08002166   0x08002166   0x00000044   Code   RO         3729    i.ADXL345_GetData   adxl345.o
    0x080021aa   0x080021aa   0x00000002   PAD
    0x080021ac   0x080021ac   0x000000ac   Code   RO         3730    i.ADXL345_Init      adxl345.o
    0x08002258   0x08002258   0x000000b0   Code   RO         3732    i.ADXL345_ReadRegS  adxl345.o
    0x08002308   0x08002308   0x00000022   Code   RO         3733    i.ADXL345_WaitEvent  adxl345.o
    0x0800232a   0x0800232a   0x00000002   PAD
    0x0800232c   0x0800232c   0x00000064   Code   RO         3734    i.ADXL345_WriteReg  adxl345.o
    0x08002390   0x08002390   0x00000110   Code   RO         4037    i.ADXL_Task         main.o
    0x080024a0   0x080024a0   0x00000024   Code   RO         3985    i.AD_GetValue       ad.o
    0x080024c4   0x080024c4   0x000000a0   Code   RO         3986    i.AD_Init           ad.o
    0x08002564   0x08002564   0x00000060   Code   RO         3484    i.Alarm_Init        ds3231.o
    0x080025c4   0x080025c4   0x00000014   Code   RO         3485    i.Bcd_Dec           ds3231.o
    0x080025d8   0x080025d8   0x00000004   Code   RO         4143    i.BusFault_Handler  stm32f10x_it.o
    0x080025dc   0x080025dc   0x00000030   Code   RO         3486    i.Buzzer_Init       ds3231.o
    0x0800260c   0x0800260c   0x0000009c   Code   RO         3487    i.Buzzer_Task       ds3231.o
    0x080026a8   0x080026a8   0x00000032   Code   RO         3489    i.DS3231_Init       ds3231.o
    0x080026da   0x080026da   0x0000003e   Code   RO         3490    i.DS3231_ReadReg    ds3231.o
    0x08002718   0x08002718   0x00000064   Code   RO         3491    i.DS3231_ReadRegS   ds3231.o
    0x0800277c   0x0800277c   0x00000032   Code   RO         3492    i.DS3231_Read_Alarm  ds3231.o
    0x080027ae   0x080027ae   0x0000005e   Code   RO         3493    i.DS3231_Read_Time  ds3231.o
    0x0800280c   0x0800280c   0x0000002e   Code   RO         3494    i.DS3231_WriteReg   ds3231.o
    0x0800283a   0x0800283a   0x00000040   Code   RO         3495    i.DS3231_WriteRegS  ds3231.o
    0x0800287a   0x0800287a   0x00000060   Code   RO         3496    i.DS3231_Write_Alarm  ds3231.o
    0x080028da   0x080028da   0x00000066   Code   RO         3497    i.DS3231_Write_Time  ds3231.o
    0x08002940   0x08002940   0x00000002   Code   RO         4144    i.DebugMon_Handler  stm32f10x_it.o
    0x08002942   0x08002942   0x0000001a   Code   RO         3498    i.Dec_Bcd           ds3231.o
    0x0800295c   0x0800295c   0x000000e0   Code   RO         3736    i.Detect_Step       adxl345.o
    0x08002a3c   0x08002a3c   0x000000b8   Code   RO         4038    i.EXTI9_5_IRQHandler  main.o
    0x08002af4   0x08002af4   0x0000000c   Code   RO          985    i.EXTI_ClearITPendingBit  stm32f10x_exti.o
    0x08002b00   0x08002b00   0x00000028   Code   RO          989    i.EXTI_GetITStatus  stm32f10x_exti.o
    0x08002b28   0x08002b28   0x00000094   Code   RO          990    i.EXTI_Init         stm32f10x_exti.o
    0x08002bbc   0x08002bbc   0x0000007c   Code   RO         4003    i.Encoder_Init      key.o
    0x08002c38   0x08002c38   0x00000040   Code   RO         1344    i.GPIO_EXTILineConfig  stm32f10x_gpio.o
    0x08002c78   0x08002c78   0x00000116   Code   RO         1347    i.GPIO_Init         stm32f10x_gpio.o
    0x08002d8e   0x08002d8e   0x00000012   Code   RO         1351    i.GPIO_ReadInputDataBit  stm32f10x_gpio.o
    0x08002da0   0x08002da0   0x00000004   Code   RO         1354    i.GPIO_ResetBits    stm32f10x_gpio.o
    0x08002da4   0x08002da4   0x00000004   Code   RO         1355    i.GPIO_SetBits      stm32f10x_gpio.o
    0x08002da8   0x08002da8   0x0000000a   Code   RO         1358    i.GPIO_WriteBit     stm32f10x_gpio.o
    0x08002db2   0x08002db2   0x00000004   Code   RO         4145    i.HardFault_Handler  stm32f10x_it.o
    0x08002db6   0x08002db6   0x00000018   Code   RO         1459    i.I2C_AcknowledgeConfig  stm32f10x_i2c.o
    0x08002dce   0x08002dce   0x0000002a   Code   RO         1461    i.I2C_CheckEvent    stm32f10x_i2c.o
    0x08002df8   0x08002df8   0x00000018   Code   RO         1464    i.I2C_Cmd           stm32f10x_i2c.o
    0x08002e10   0x08002e10   0x00000018   Code   RO         1471    i.I2C_GenerateSTART  stm32f10x_i2c.o
    0x08002e28   0x08002e28   0x00000018   Code   RO         1472    i.I2C_GenerateSTOP  stm32f10x_i2c.o
    0x08002e40   0x08002e40   0x000000ec   Code   RO         1478    i.I2C_Init          stm32f10x_i2c.o
    0x08002f2c   0x08002f2c   0x00000008   Code   RO         1483    i.I2C_ReceiveData   stm32f10x_i2c.o
    0x08002f34   0x08002f34   0x00000012   Code   RO         1485    i.I2C_Send7bitAddress  stm32f10x_i2c.o
    0x08002f46   0x08002f46   0x00000004   Code   RO         1486    i.I2C_SendData      stm32f10x_i2c.o
    0x08002f4a   0x08002f4a   0x00000002   PAD
    0x08002f4c   0x08002f4c   0x00000028   Code   RO         4004    i.Key_Init          key.o
    0x08002f74   0x08002f74   0x000000d0   Code   RO         4005    i.Key_Task          key.o
    0x08003044   0x08003044   0x000000ea   Code   RO         3874    i.MAX30102_FIFO_ReadWordS  max30102.o
    0x0800312e   0x0800312e   0x00000002   PAD
    0x08003130   0x08003130   0x00000010   Code   RO         3875    i.MAX30102_INT      max30102.o
    0x08003140   0x08003140   0x000000fc   Code   RO         3876    i.MAX30102_Init     max30102.o
    0x0800323c   0x0800323c   0x00000098   Code   RO         3877    i.MAX30102_ReadReg  max30102.o
    0x080032d4   0x080032d4   0x000000b0   Code   RO         3878    i.MAX30102_ReadRegS  max30102.o
    0x08003384   0x08003384   0x0000000c   Code   RO         3879    i.MAX30102_Reset    max30102.o
    0x08003390   0x08003390   0x00000022   Code   RO         3880    i.MAX30102_WaitEvent  max30102.o
    0x080033b2   0x080033b2   0x00000002   PAD
    0x080033b4   0x080033b4   0x00000064   Code   RO         3881    i.MAX30102_WriteReg  max30102.o
    0x08003418   0x08003418   0x0000015c   Code   RO         4039    i.MAX_Task          main.o
    0x08003574   0x08003574   0x00000334   Code   RO         4040    i.MainShow_Task     main.o
    0x080038a8   0x080038a8   0x00000128   Code   RO         4041    i.Max30102_Get      main.o
    0x080039d0   0x080039d0   0x00000004   Code   RO         4146    i.MemManage_Handler  stm32f10x_it.o
    0x080039d4   0x080039d4   0x0000015c   Code   RO         4042    i.MenuShow_Task     main.o
    0x08003b30   0x08003b30   0x00000038   Code   RO         3804    i.MyI2C_Init        myi2c.o
    0x08003b68   0x08003b68   0x00000018   Code   RO         3805    i.MyI2C_R_SDA       myi2c.o
    0x08003b80   0x08003b80   0x0000001e   Code   RO         3806    i.MyI2C_ReceiveAck  myi2c.o
    0x08003b9e   0x08003b9e   0x00000034   Code   RO         3807    i.MyI2C_ReceiveByte  myi2c.o
    0x08003bd2   0x08003bd2   0x00000018   Code   RO         3808    i.MyI2C_SendAck     myi2c.o
    0x08003bea   0x08003bea   0x0000002a   Code   RO         3809    i.MyI2C_SendByte    myi2c.o
    0x08003c14   0x08003c14   0x0000001c   Code   RO         3810    i.MyI2C_Start       myi2c.o
    0x08003c30   0x08003c30   0x00000016   Code   RO         3811    i.MyI2C_Stop        myi2c.o
    0x08003c46   0x08003c46   0x00000002   PAD
    0x08003c48   0x08003c48   0x00000018   Code   RO         3812    i.MyI2C_W_SCL       myi2c.o
    0x08003c60   0x08003c60   0x00000018   Code   RO         3813    i.MyI2C_W_SDA       myi2c.o
    0x08003c78   0x08003c78   0x00000002   Code   RO         4147    i.NMI_Handler       stm32f10x_it.o
    0x08003c7a   0x08003c7a   0x00000002   PAD
    0x08003c7c   0x08003c7c   0x00000070   Code   RO          137    i.NVIC_Init         misc.o
    0x08003cec   0x08003cec   0x00000014   Code   RO          138    i.NVIC_PriorityGroupConfig  misc.o
    0x08003d00   0x08003d00   0x00000028   Code   RO         3220    i.OLED_Clear        oled.o
    0x08003d28   0x08003d28   0x000000a8   Code   RO         3221    i.OLED_ClearArea    oled.o
    0x08003dd0   0x08003dd0   0x00000176   Code   RO         3225    i.OLED_DrawLine     oled.o
    0x08003f46   0x08003f46   0x00000002   PAD
    0x08003f48   0x08003f48   0x00000050   Code   RO         3226    i.OLED_DrawPoint    oled.o
    0x08003f98   0x08003f98   0x0000008e   Code   RO         3227    i.OLED_DrawRectangle  oled.o
    0x08004026   0x08004026   0x00000002   PAD
    0x08004028   0x08004028   0x00000060   Code   RO         3229    i.OLED_GPIO_Init    oled.o
    0x08004088   0x08004088   0x0000003e   Code   RO         3231    i.OLED_I2C_SendByte  oled.o
    0x080040c6   0x080040c6   0x0000001c   Code   RO         3232    i.OLED_I2C_Start    oled.o
    0x080040e2   0x080040e2   0x00000016   Code   RO         3233    i.OLED_I2C_Stop     oled.o
    0x080040f8   0x080040f8   0x0000009a   Code   RO         3234    i.OLED_Init         oled.o
    0x08004192   0x08004192   0x00000014   Code   RO         3236    i.OLED_Pow          oled.o
    0x080041a6   0x080041a6   0x00000032   Code   RO         3237    i.OLED_Printf       oled.o
    0x080041d8   0x080041d8   0x000000a8   Code   RO         3239    i.OLED_ReverseArea  oled.o
    0x08004280   0x08004280   0x00000022   Code   RO         3240    i.OLED_SetCursor    oled.o
    0x080042a2   0x080042a2   0x00000002   PAD
    0x080042a4   0x080042a4   0x00000054   Code   RO         3242    i.OLED_ShowChar     oled.o
    0x080042f8   0x080042f8   0x00000098   Code   RO         3243    i.OLED_ShowChinese  oled.o
    0x08004390   0x08004390   0x0000012c   Code   RO         3246    i.OLED_ShowImage    oled.o
    0x080044bc   0x080044bc   0x0000004c   Code   RO         3247    i.OLED_ShowNum      oled.o
    0x08004508   0x08004508   0x0000002e   Code   RO         3249    i.OLED_ShowString   oled.o
    0x08004536   0x08004536   0x00000002   PAD
    0x08004538   0x08004538   0x00000028   Code   RO         3250    i.OLED_Update       oled.o
    0x08004560   0x08004560   0x00000018   Code   RO         3252    i.OLED_W_SCL        oled.o
    0x08004578   0x08004578   0x00000018   Code   RO         3253    i.OLED_W_SDA        oled.o
    0x08004590   0x08004590   0x00000020   Code   RO         3254    i.OLED_WriteCommand  oled.o
    0x080045b0   0x080045b0   0x0000002e   Code   RO         3255    i.OLED_WriteData    oled.o
    0x080045de   0x080045de   0x00000002   PAD
    0x080045e0   0x080045e0   0x00000018   Code   RO         1773    i.RCC_ADCCLKConfig  stm32f10x_rcc.o
    0x080045f8   0x080045f8   0x00000020   Code   RO         1775    i.RCC_APB1PeriphClockCmd  stm32f10x_rcc.o
    0x08004618   0x08004618   0x00000020   Code   RO         1777    i.RCC_APB2PeriphClockCmd  stm32f10x_rcc.o
    0x08004638   0x08004638   0x000000d4   Code   RO         1785    i.RCC_GetClocksFreq  stm32f10x_rcc.o
    0x0800470c   0x0800470c   0x000000b4   Code   RO         3650    i.Serial_Init       serial.o
    0x080047c0   0x080047c0   0x00000024   Code   RO         3652    i.Serial_Printf     serial.o
    0x080047e4   0x080047e4   0x00000020   Code   RO         3654    i.Serial_SendByte   serial.o
    0x08004804   0x08004804   0x0000001a   Code   RO         3656    i.Serial_SendString  serial.o
    0x0800481e   0x0800481e   0x00000002   PAD
    0x08004820   0x08004820   0x00000124   Code   RO         4043    i.Serial_Task       main.o
    0x08004944   0x08004944   0x000001a4   Code   RO         3499    i.SetAlarm_Task     ds3231.o
    0x08004ae8   0x08004ae8   0x0000025c   Code   RO         3500    i.SetClock_Task     ds3231.o
    0x08004d44   0x08004d44   0x00000008   Code   RO           24    i.SetSysClock       system_stm32f10x.o
    0x08004d4c   0x08004d4c   0x000000e0   Code   RO           25    i.SetSysClockTo72   system_stm32f10x.o
    0x08004e2c   0x08004e2c   0x00000034   Code   RO         4265    i.SysTick_Handler   port.o
    0x08004e60   0x08004e60   0x00000060   Code   RO           27    i.SystemInit        system_stm32f10x.o
    0x08004ec0   0x08004ec0   0x0000005c   Code   RO         3657    i.USART1_IRQHandler  serial.o
    0x08004f1c   0x08004f1c   0x0000001e   Code   RO         2957    i.USART_ClearITPendingBit  stm32f10x_usart.o
    0x08004f3a   0x08004f3a   0x00000018   Code   RO         2960    i.USART_Cmd         stm32f10x_usart.o
    0x08004f52   0x08004f52   0x0000001a   Code   RO         2963    i.USART_GetFlagStatus  stm32f10x_usart.o
    0x08004f6c   0x08004f6c   0x00000054   Code   RO         2964    i.USART_GetITStatus  stm32f10x_usart.o
    0x08004fc0   0x08004fc0   0x0000004a   Code   RO         2966    i.USART_ITConfig    stm32f10x_usart.o
    0x0800500a   0x0800500a   0x00000002   PAD
    0x0800500c   0x0800500c   0x000000d8   Code   RO         2967    i.USART_Init        stm32f10x_usart.o
    0x080050e4   0x080050e4   0x0000000a   Code   RO         2974    i.USART_ReceiveData  stm32f10x_usart.o
    0x080050ee   0x080050ee   0x00000008   Code   RO         2977    i.USART_SendData    stm32f10x_usart.o
    0x080050f6   0x080050f6   0x00000004   Code   RO         4148    i.UsageFault_Handler  stm32f10x_it.o
    0x080050fa   0x080050fa   0x00000028   Code   RO         5523    i.__ARM_fpclassify  m_ws.l(fpclassify.o)
    0x08005122   0x08005122   0x0000000e   Code   RO         5329    i._is_digit         c_w.l(__printf_wp.o)
    0x08005130   0x08005130   0x00000260   Code   RO         4044    i.main              main.o
    0x08005390   0x08005390   0x00000042   Code   RO         3883    i.maxim_find_peaks  max30102.o
    0x080053d2   0x080053d2   0x00000002   PAD
    0x080053d4   0x080053d4   0x00000500   Code   RO         3884    i.maxim_heart_rate_and_oxygen_saturation  max30102.o
    0x080058d4   0x080058d4   0x0000007a   Code   RO         3885    i.maxim_peaks_above_min_height  max30102.o
    0x0800594e   0x0800594e   0x00000072   Code   RO         3886    i.maxim_remove_close_peaks  max30102.o
    0x080059c0   0x080059c0   0x00000036   Code   RO         3887    i.maxim_sort_ascend  max30102.o
    0x080059f6   0x080059f6   0x00000040   Code   RO         3888    i.maxim_sort_indices_descend  max30102.o
    0x08005a36   0x08005a36   0x00000002   PAD
    0x08005a38   0x08005a38   0x00000128   Code   RO         3737    i.peak_update       adxl345.o
    0x08005b60   0x08005b60   0x000000c0   Code   RO         4759    i.prvAddCurrentTaskToDelayedList  tasks.o
    0x08005c20   0x08005c20   0x000000e4   Code   RO         4760    i.prvAddNewTaskToReadyList  tasks.o
    0x08005d04   0x08005d04   0x00000048   Code   RO         4761    i.prvCheckTasksWaitingTermination  tasks.o
    0x08005d4c   0x08005d4c   0x0000002a   Code   RO         4463    i.prvCopyDataFromQueue  queue.o
    0x08005d76   0x08005d76   0x0000007e   Code   RO         4464    i.prvCopyDataToQueue  queue.o
    0x08005df4   0x08005df4   0x00000012   Code   RO         4762    i.prvDeleteTCB      tasks.o
    0x08005e06   0x08005e06   0x00000014   Code   RO         4465    i.prvGetDisinheritPriorityAfterTimeout  queue.o
    0x08005e1a   0x08005e1a   0x00000002   PAD
    0x08005e1c   0x08005e1c   0x00000070   Code   RO         4188    i.prvHeapInit       heap_4.o
    0x08005e8c   0x08005e8c   0x00000028   Code   RO         4763    i.prvIdleTask       tasks.o
    0x08005eb4   0x08005eb4   0x00000026   Code   RO         4467    i.prvInitialiseNewQueue  queue.o
    0x08005eda   0x08005eda   0x00000086   Code   RO         4764    i.prvInitialiseNewTask  tasks.o
    0x08005f60   0x08005f60   0x00000068   Code   RO         4765    i.prvInitialiseTaskLists  tasks.o
    0x08005fc8   0x08005fc8   0x00000068   Code   RO         4189    i.prvInsertBlockIntoFreeList  heap_4.o
    0x08006030   0x08006030   0x0000001a   Code   RO         4468    i.prvIsQueueEmpty   queue.o
    0x0800604a   0x0800604a   0x0000001e   Code   RO         4469    i.prvIsQueueFull    queue.o
    0x08006068   0x08006068   0x00000030   Code   RO         4766    i.prvResetNextTaskUnblockTime  tasks.o
    0x08006098   0x08006098   0x00000016   Code   RO         4266    i.prvTaskExitError  port.o
    0x080060ae   0x080060ae   0x00000002   PAD
    0x080060b0   0x080060b0   0x00000040   Code   RO         4768    i.prvTaskIsTaskSuspended  tasks.o
    0x080060f0   0x080060f0   0x0000007e   Code   RO         4470    i.prvUnlockQueue    queue.o
    0x0800616e   0x0800616e   0x00000002   PAD
    0x08006170   0x08006170   0x000000e4   Code   RO         4191    i.pvPortMalloc      heap_4.o
    0x08006254   0x08006254   0x00000020   Code   RO         4769    i.pvTaskIncrementMutexHeldCount  tasks.o
    0x08006274   0x08006274   0x00000024   Code   RO         4267    i.pxPortInitialiseStack  port.o
    0x08006298   0x08006298   0x00000148   Code   RO         3738    i.slid_update       adxl345.o
    0x080063e0   0x080063e0   0x00000028   Code   RO         4427    i.uxListRemove      list.o
    0x08006408   0x08006408   0x0000000c   Code   RO         4772    i.uxTaskGetNumberOfTasks  tasks.o
    0x08006414   0x08006414   0x0000001a   Code   RO         4428    i.vListInitialise   list.o
    0x0800642e   0x0800642e   0x00000006   Code   RO         4429    i.vListInitialiseItem  list.o
    0x08006434   0x08006434   0x00000034   Code   RO         4430    i.vListInsert       list.o
    0x08006468   0x08006468   0x00000018   Code   RO         4431    i.vListInsertEnd    list.o
    0x08006480   0x08006480   0x00000024   Code   RO         4269    i.vPortEnterCritical  port.o
    0x080064a4   0x080064a4   0x00000020   Code   RO         4270    i.vPortExitCritical  port.o
    0x080064c4   0x080064c4   0x0000004c   Code   RO         4192    i.vPortFree         heap_4.o
    0x08006510   0x08006510   0x00000018   Code   RO         4271    i.vPortSetupTimerInterrupt  port.o
    0x08006528   0x08006528   0x00000034   Code   RO         4777    i.vTaskDelay        tasks.o
    0x0800655c   0x0800655c   0x00000018   Code   RO         4781    i.vTaskInternalSetTimeOutState  tasks.o
    0x08006574   0x08006574   0x0000000c   Code   RO         4782    i.vTaskMissedYield  tasks.o
    0x08006580   0x08006580   0x00000020   Code   RO         4783    i.vTaskPlaceOnEventList  tasks.o
    0x080065a0   0x080065a0   0x000000d4   Code   RO         4785    i.vTaskPriorityDisinheritAfterTimeout  tasks.o
    0x08006674   0x08006674   0x000000ac   Code   RO         4788    i.vTaskResume       tasks.o
    0x08006720   0x08006720   0x0000006c   Code   RO         4790    i.vTaskStartScheduler  tasks.o
    0x0800678c   0x0800678c   0x000000d8   Code   RO         4791    i.vTaskSuspend      tasks.o
    0x08006864   0x08006864   0x00000010   Code   RO         4792    i.vTaskSuspendAll   tasks.o
    0x08006874   0x08006874   0x00000060   Code   RO         4793    i.vTaskSwitchContext  tasks.o
    0x080068d4   0x080068d4   0x00000034   Code   RO         4272    i.xPortStartScheduler  port.o
    0x08006908   0x08006908   0x0000004c   Code   RO         4477    i.xQueueGenericCreate  queue.o
    0x08006954   0x08006954   0x000000a0   Code   RO         4478    i.xQueueGenericReset  queue.o
    0x080069f4   0x080069f4   0x00000118   Code   RO         4479    i.xQueueGenericSend  queue.o
    0x08006b0c   0x08006b0c   0x00000098   Code   RO         4480    i.xQueueGenericSendFromISR  queue.o
    0x08006ba4   0x08006ba4   0x00000104   Code   RO         4486    i.xQueueReceive     queue.o
    0x08006ca8   0x08006ca8   0x00000130   Code   RO         4488    i.xQueueSemaphoreTake  queue.o
    0x08006dd8   0x08006dd8   0x00000060   Code   RO         4795    i.xTaskCheckForTimeOut  tasks.o
    0x08006e38   0x08006e38   0x00000068   Code   RO         4796    i.xTaskCreate       tasks.o
    0x08006ea0   0x08006ea0   0x0000014c   Code   RO         4798    i.xTaskGenericNotify  tasks.o
    0x08006fec   0x08006fec   0x000000ac   Code   RO         4801    i.xTaskGenericNotifyWait  tasks.o
    0x08007098   0x08007098   0x0000000c   Code   RO         4803    i.xTaskGetTickCount  tasks.o
    0x080070a4   0x080070a4   0x0000000c   Code   RO         4804    i.xTaskGetTickCountFromISR  tasks.o
    0x080070b0   0x080070b0   0x00000190   Code   RO         4805    i.xTaskIncrementTick  tasks.o
    0x08007240   0x08007240   0x000000ac   Code   RO         4806    i.xTaskPriorityDisinherit  tasks.o
    0x080072ec   0x080072ec   0x000000ec   Code   RO         4807    i.xTaskPriorityInherit  tasks.o
    0x080073d8   0x080073d8   0x00000108   Code   RO         4808    i.xTaskRemoveFromEventList  tasks.o
    0x080074e0   0x080074e0   0x0000015c   Code   RO         4809    i.xTaskResumeAll    tasks.o
    0x0800763c   0x0800763c   0x0000002c   Code   RO         5571    locale$$code        c_w.l(lc_numeric_c.o)
    0x08007668   0x08007668   0x0000002c   Code   RO         5602    locale$$code        c_w.l(lc_ctype_c.o)
    0x08007694   0x08007694   0x000002b0   Code   RO         5186    x$fpl$ddiv          fz_ws.l(ddiv.o)
    0x08007944   0x08007944   0x0000005a   Code   RO         5193    x$fpl$dfixu         fz_ws.l(dfixu.o)
    0x0800799e   0x0800799e   0x00000026   Code   RO         5197    x$fpl$dfltu         fz_ws.l(dflt_clz.o)
    0x080079c4   0x080079c4   0x00000154   Code   RO         5205    x$fpl$dmul          fz_ws.l(dmul.o)
    0x08007b18   0x08007b18   0x0000009c   Code   RO         5413    x$fpl$dnaninf       fz_ws.l(dnaninf.o)
    0x08007bb4   0x08007bb4   0x0000000c   Code   RO         5415    x$fpl$dretinf       fz_ws.l(dretinf.o)
    0x08007bc0   0x08007bc0   0x000000c4   Code   RO         5209    x$fpl$fadd          fz_ws.l(faddsub_clz.o)
    0x08007c84   0x08007c84   0x00000018   Code   RO         5419    x$fpl$fcmpinf       fz_ws.l(fcmpi.o)
    0x08007c9c   0x08007c9c   0x00000184   Code   RO         5216    x$fpl$fdiv          fz_ws.l(fdiv.o)
    0x08007e20   0x08007e20   0x00000068   Code   RO         5219    x$fpl$feqf          fz_ws.l(feqf.o)
    0x08007e88   0x08007e88   0x00000030   Code   RO         5222    x$fpl$fflt          fz_ws.l(fflt_clz.o)
    0x08007eb8   0x08007eb8   0x00000068   Code   RO         5227    x$fpl$fleqf         fz_ws.l(fleqf.o)
    0x08007f20   0x08007f20   0x0000008c   Code   RO         5421    x$fpl$fnaninf       fz_ws.l(fnaninf.o)
    0x08007fac   0x08007fac   0x0000000a   Code   RO         5423    x$fpl$fretinf       fz_ws.l(fretinf.o)
    0x08007fb6   0x08007fb6   0x00000062   Code   RO         5229    x$fpl$frleqf        fz_ws.l(frleqf.o)
    0x08008018   0x08008018   0x00000014   Code   RO         5210    x$fpl$frsb          fz_ws.l(faddsub_clz.o)
    0x0800802c   0x0800802c   0x000000ea   Code   RO         5211    x$fpl$fsub          fz_ws.l(faddsub_clz.o)
    0x08008116   0x08008116   0x00000004   Code   RO         5425    x$fpl$printf1       fz_ws.l(printf1.o)
    0x0800811a   0x0800811a   0x00000004   Code   RO         5427    x$fpl$printf2       fz_ws.l(printf2.o)
    0x0800811e   0x0800811e   0x00000000   Code   RO         5433    x$fpl$usenofp       fz_ws.l(usenofp.o)
    0x0800811e   0x0800811e   0x00000982   Data   RO         3472    .constdata          oled_data.o
    0x08008aa0   0x08008aa0   0x000000f6   Data   RO         3890    .constdata          max30102.o
    0x08008b96   0x08008b96   0x00000002   PAD
    0x08008b98   0x08008b98   0x00000008   Data   RO         5288    .constdata          c_w.l(_printf_wctomb.o)
    0x08008ba0   0x08008ba0   0x00000028   Data   RO         5317    .constdata          c_w.l(_printf_hex_int_ll_ptr.o)
    0x08008bc8   0x08008bc8   0x00000011   Data   RO         5337    .constdata          c_w.l(__printf_flags_ss_wp.o)
    0x08008bd9   0x08008bd9   0x00000026   Data   RO         5499    .constdata          c_w.l(_printf_fp_hex.o)
    0x08008bff   0x08008bff   0x00000001   PAD
    0x08008c00   0x08008c00   0x00000094   Data   RO         5546    .constdata          c_w.l(bigflt0.o)
    0x08008c94   0x08008c94   0x00000020   Data   RO         5658    Region$$Table       anon$$obj.o
    0x08008cb4   0x08008cb4   0x0000001c   Data   RO         5570    locale$$data        c_w.l(lc_numeric_c.o)
    0x08008cd0   0x08008cd0   0x00000110   Data   RO         5601    locale$$data        c_w.l(lc_ctype_c.o)


    Execution Region RW_IRAM1 (Exec base: 0x20000000, Load base: 0x08008de0, Size: 0x00004fd8, Max: 0x00005000, ABSOLUTE)

    Exec Addr    Load Addr    Size         Type   Attr      Idx    E Section Name        Object

    0x20000000   0x08008de0   0x00000014   Data   RW         1805    .data               stm32f10x_rcc.o
    0x20000014   0x08008df4   0x00000010   Data   RW         3501    .data               ds3231.o
    0x20000024   0x08008e04   0x00000002   Data   RW         3659    .data               serial.o
    0x20000026   0x08008e06   0x00000002   Data   RW         3739    .data               adxl345.o
    0x20000028   0x08008e08   0x00000008   Data   RW         4007    .data               key.o
    0x20000030   0x08008e10   0x00000074   Data   RW         4046    .data               main.o
    0x200000a4   0x08008e84   0x0000001c   Data   RW         4198    .data               heap_4.o
    0x200000c0   0x08008ea0   0x00000004   Data   RW         4273    .data               port.o
    0x200000c4   0x08008ea4   0x00000040   Data   RW         4812    .data               tasks.o
    0x20000104        -       0x00000400   Zero   RW         3257    .bss                oled.o
    0x20000504        -       0x00001760   Zero   RW         3889    .bss                max30102.o
    0x20001c64        -       0x00000fe8   Zero   RW         4045    .bss                main.o
    0x20002c4c        -       0x00001c00   Zero   RW         4197    .bss                heap_4.o
    0x2000484c        -       0x0000012c   Zero   RW         4811    .bss                tasks.o
    0x20004978        -       0x00000060   Zero   RW         5462    .bss                c_w.l(libspace.o)
    0x200049d8        -       0x00000200   Zero   RW            2    HEAP                startup_stm32f10x_md.o
    0x20004bd8        -       0x00000400   Zero   RW            1    STACK               startup_stm32f10x_md.o


==============================================================================

Image component sizes


      Code (inc. data)   RO Data    RW Data    ZI Data      Debug   Object Name

       196         14          0          0          0       1036   ad.o
      1538         58          0          2          0       7903   adxl345.o
         0          0          0          0          0       4516   core_cm3.o
      2034        148          0         16          0      29348   ds3231.o
         0          0          0          0          0      12000   event_groups.o
       520         58          0         28       7168       6883   heap_4.o
       372         24          0          8          0       2570   key.o
       148          0          0          0          0       3070   list.o
      3168        684          0        116       4072       9701   main.o
      2676         88        246          0       5984      12099   max30102.o
       132         22          0          0          0     215895   misc.o
       326         24          0          0          0       4822   myi2c.o
      2262         66          0          0       1024      16599   oled.o
         0          0       2434          0          0       1328   oled_data.o
       404         48          0          4          0       8676   port.o
      1640         16          0          0          0      14800   queue.o
       366         32          0          2          0       2974   serial.o
        64         26        236          0       1536        820   startup_stm32f10x_md.o
       394         10          0          0          0      18253   stm32f10x_adc.o
       200         18          0          0          0       4076   stm32f10x_exti.o
       378          4          0          0          0      12894   stm32f10x_gpio.o
       404         14          0          0          0      14520   stm32f10x_i2c.o
        20          0          0          0          0       2489   stm32f10x_it.o
       300         38          0         20          0      13461   stm32f10x_rcc.o
       472          6          0          0          0      12455   stm32f10x_usart.o
       328         28          0          0          0      32801   system_stm32f10x.o
      4032        448          0         64        300      37101   tasks.o

    ----------------------------------------------------------------------
     22414       1874       2950        260      20084     503090   Object Totals
         0          0         32          0          0          0   (incl. Generated)
        40          0          2          0          0          0   (incl. Padding)

    ----------------------------------------------------------------------

      Code (inc. data)   RO Data    RW Data    ZI Data      Debug   Library Member Name

         8          0          0          0          0         68   __main.o
       392          4         17          0          0         92   __printf_flags_ss_wp.o
        14          0          0          0          0         68   __printf_wp.o
         0          0          0          0          0          0   __rtentry.o
        12          0          0          0          0          0   __rtentry2.o
         6          0          0          0          0          0   __rtentry4.o
        52          8          0          0          0          0   __scatter.o
        26          0          0          0          0          0   __scatter_copy.o
        28          0          0          0          0          0   __scatter_zi.o
         6          0          0          0          0          0   _printf_a.o
         6          0          0          0          0          0   _printf_c.o
        44          0          0          0          0        108   _printf_char.o
        48          6          0          0          0         96   _printf_char_common.o
        40          0          0          0          0         68   _printf_charcount.o
         6          0          0          0          0          0   _printf_d.o
       120         16          0          0          0         92   _printf_dec.o
         6          0          0          0          0          0   _printf_e.o
         6          0          0          0          0          0   _printf_f.o
      1054          0          0          0          0        216   _printf_fp_dec.o
       764          8         38          0          0        100   _printf_fp_hex.o
       128         16          0          0          0         84   _printf_fp_infnan.o
         6          0          0          0          0          0   _printf_g.o
       148          4         40          0          0        160   _printf_hex_int_ll_ptr.o
         6          0          0          0          0          0   _printf_i.o
       178          0          0          0          0         88   _printf_intcommon.o
        10          0          0          0          0          0   _printf_l.o
         6          0          0          0          0          0   _printf_lc.o
        10          0          0          0          0          0   _printf_ll.o
         6          0          0          0          0          0   _printf_lld.o
         6          0          0          0          0          0   _printf_lli.o
         6          0          0          0          0          0   _printf_llo.o
         6          0          0          0          0          0   _printf_llu.o
         6          0          0          0          0          0   _printf_llx.o
       124         16          0          0          0         92   _printf_longlong_dec.o
         6          0          0          0          0          0   _printf_ls.o
         6          0          0          0          0          0   _printf_n.o
         6          0          0          0          0          0   _printf_o.o
       112         10          0          0          0        124   _printf_oct_int_ll.o
         6          0          0          0          0          0   _printf_p.o
        78          0          0          0          0        108   _printf_pad.o
         0          0          0          0          0          0   _printf_percent.o
         4          0          0          0          0          0   _printf_percent_end.o
         6          0          0          0          0          0   _printf_s.o
        82          0          0          0          0         80   _printf_str.o
        36          0          0          0          0         84   _printf_truncate.o
         6          0          0          0          0          0   _printf_u.o
        44          0          0          0          0        108   _printf_wchar.o
       188          6          8          0          0         92   _printf_wctomb.o
         6          0          0          0          0          0   _printf_x.o
        10          0          0          0          0         68   _sputc.o
        64          0          0          0          0         92   _wcrtomb.o
        16          0          0          0          0         68   aeabi_memset.o
       228          4        148          0          0         96   bigflt0.o
      1936        128          0          0          0        672   btod.o
        10          0          0          0          0         68   defsig_exit.o
        50          0          0          0          0         88   defsig_general.o
        80         58          0          0          0         76   defsig_rtmem_inner.o
        14          0          0          0          0         80   defsig_rtmem_outer.o
        18          0          0          0          0         80   exit.o
        94          0          0          0          0         80   h1_alloc.o
        52          0          0          0          0         68   h1_extend.o
        78          0          0          0          0         80   h1_free.o
        14          0          0          0          0         84   h1_init.o
         6          0          0          0          0        152   heapauxi.o
         4          0          0          0          0        136   hguard.o
         0          0          0          0          0          0   indicate_semi.o
       138          0          0          0          0        168   init_alloc.o
        44         10        272          0          0         76   lc_ctype_c.o
        44         10         28          0          0         76   lc_numeric_c.o
         2          0          0          0          0          0   libinit.o
        38          0          0          0          0          0   libinit2.o
         2          0          0          0          0          0   libshutdown.o
         2          0          0          0          0          0   libshutdown2.o
         8          4          0          0         96         68   libspace.o
       138          0          0          0          0         80   lludiv10.o
         0          0          0          0          0          0   maybetermalloc1.o
        16          4          0          0          0         76   rt_ctype_table.o
         8          4          0          0          0         68   rt_heap_descriptor_intlibspace.o
         8          4          0          0          0         68   rt_locale_intlibspace.o
        68          0          0          0          0         68   rt_memclr.o
        78          0          0          0          0         80   rt_memclr_w.o
       138          0          0          0          0         68   rt_memcpy_v6.o
       100          0          0          0          0         80   rt_memcpy_w.o
         2          0          0          0          0          0   rtexit.o
        10          0          0          0          0          0   rtexit2.o
       128          0          0          0          0         68   strcmpv7m.o
        12          4          0          0          0         68   sys_exit.o
        74          0          0          0          0         80   sys_stackheap_outer.o
        14          0          0          0          0         76   sys_wrch.o
         2          0          0          0          0         68   use_no_semi.o
        36          4          0          0          0         76   vsprintf.o
       688        140          0          0          0        208   ddiv.o
        90          4          0          0          0         92   dfixu.o
        38          0          0          0          0         68   dflt_clz.o
       340         12          0          0          0        104   dmul.o
       156          4          0          0          0         92   dnaninf.o
        12          0          0          0          0         68   dretinf.o
       450          8          0          0          0        236   faddsub_clz.o
        24          0          0          0          0         68   fcmpi.o
       388         76          0          0          0         96   fdiv.o
       104          4          0          0          0         84   feqf.o
        48          0          0          0          0         68   fflt_clz.o
       104          4          0          0          0         84   fleqf.o
       140          4          0          0          0         84   fnaninf.o
        10          0          0          0          0         68   fretinf.o
        98          0          0          0          0         68   frleqf.o
         4          0          0          0          0         68   printf1.o
         4          0          0          0          0         68   printf2.o
         0          0          0          0          0          0   usenofp.o
        40          0          0          0          0         68   fpclassify.o

    ----------------------------------------------------------------------
     10404        584        552          0         96       7020   Library Totals
        12          0          1          0          0          0   (incl. Padding)

    ----------------------------------------------------------------------

      Code (inc. data)   RO Data    RW Data    ZI Data      Debug   Library Name

      7654        328        551          0         96       5328   c_w.l
      2698        256          0          0          0       1624   fz_ws.l
        40          0          0          0          0         68   m_ws.l

    ----------------------------------------------------------------------
     10404        584        552          0         96       7020   Library Totals

    ----------------------------------------------------------------------

==============================================================================


      Code (inc. data)   RO Data    RW Data    ZI Data      Debug   

     32818       2458       3502        260      20180     495702   Grand Totals
     32818       2458       3502        260      20180     495702   ELF Image Totals
     32818       2458       3502        260          0          0   ROM Totals

==============================================================================

    Total RO  Size (Code + RO Data)                36320 (  35.47kB)
    Total RW  Size (RW Data + ZI Data)             20440 (  19.96kB)
    Total ROM Size (Code + RO Data + RW Data)      36580 (  35.72kB)

==============================================================================

